###############################################################################
#
# IAR ELF Linker V8.30.1.114/W32 for ARM                  21/Jul/2021  10:54:48
# Copyright 2007-2018 IAR Systems AB.
#
#    Output file  =  
#        C:\Users\Nahuel\Desktop\Lucia\Hidroponia\Hidro_v1.2\EWARM\HIDRO_v1.1\Exe\HIDRO_v1.1.out
#    Map file     =  
#        C:\Users\Nahuel\Desktop\Lucia\Hidroponia\Hidro_v1.2\EWARM\HIDRO_v1.1\List\HIDRO_v1.1.map
#    Command line =  
#        -f C:\Users\Nahuel\AppData\Local\Temp\EW5704.tmp
#        (C:\Users\Nahuel\Desktop\Lucia\Hidroponia\Hidro_v1.2\EWARM\HIDRO_v1.1\Obj\adc.o
#        C:\Users\Nahuel\Desktop\Lucia\Hidroponia\Hidro_v1.2\EWARM\HIDRO_v1.1\Obj\adc_sample.o
#        C:\Users\Nahuel\Desktop\Lucia\Hidroponia\Hidro_v1.2\EWARM\HIDRO_v1.1\Obj\api_dht11.o
#        C:\Users\Nahuel\Desktop\Lucia\Hidroponia\Hidro_v1.2\EWARM\HIDRO_v1.1\Obj\api_flash.o
#        C:\Users\Nahuel\Desktop\Lucia\Hidroponia\Hidro_v1.2\EWARM\HIDRO_v1.1\Obj\api_rtc.o
#        C:\Users\Nahuel\Desktop\Lucia\Hidroponia\Hidro_v1.2\EWARM\HIDRO_v1.1\Obj\bsp_driver_sd.o
#        C:\Users\Nahuel\Desktop\Lucia\Hidroponia\Hidro_v1.2\EWARM\HIDRO_v1.1\Obj\button.o
#        C:\Users\Nahuel\Desktop\Lucia\Hidroponia\Hidro_v1.2\EWARM\HIDRO_v1.1\Obj\config_flash.o
#        C:\Users\Nahuel\Desktop\Lucia\Hidroponia\Hidro_v1.2\EWARM\HIDRO_v1.1\Obj\dac.o
#        C:\Users\Nahuel\Desktop\Lucia\Hidroponia\Hidro_v1.2\EWARM\HIDRO_v1.1\Obj\datetime.o
#        C:\Users\Nahuel\Desktop\Lucia\Hidroponia\Hidro_v1.2\EWARM\HIDRO_v1.1\Obj\di.o
#        C:\Users\Nahuel\Desktop\Lucia\Hidroponia\Hidro_v1.2\EWARM\HIDRO_v1.1\Obj\diskio.o
#        C:\Users\Nahuel\Desktop\Lucia\Hidroponia\Hidro_v1.2\EWARM\HIDRO_v1.1\Obj\dma.o
#        C:\Users\Nahuel\Desktop\Lucia\Hidroponia\Hidro_v1.2\EWARM\HIDRO_v1.1\Obj\fatfs.o
#        C:\Users\Nahuel\Desktop\Lucia\Hidroponia\Hidro_v1.2\EWARM\HIDRO_v1.1\Obj\fatfs_platform.o
#        C:\Users\Nahuel\Desktop\Lucia\Hidroponia\Hidro_v1.2\EWARM\HIDRO_v1.1\Obj\ff.o
#        C:\Users\Nahuel\Desktop\Lucia\Hidroponia\Hidro_v1.2\EWARM\HIDRO_v1.1\Obj\ff_gen_drv.o
#        C:\Users\Nahuel\Desktop\Lucia\Hidroponia\Hidro_v1.2\EWARM\HIDRO_v1.1\Obj\gpio.o
#        C:\Users\Nahuel\Desktop\Lucia\Hidroponia\Hidro_v1.2\EWARM\HIDRO_v1.1\Obj\irrigation.o
#        C:\Users\Nahuel\Desktop\Lucia\Hidroponia\Hidro_v1.2\EWARM\HIDRO_v1.1\Obj\iwdg.o
#        C:\Users\Nahuel\Desktop\Lucia\Hidroponia\Hidro_v1.2\EWARM\HIDRO_v1.1\Obj\lcd.o
#        C:\Users\Nahuel\Desktop\Lucia\Hidroponia\Hidro_v1.2\EWARM\HIDRO_v1.1\Obj\main.o
#        C:\Users\Nahuel\Desktop\Lucia\Hidroponia\Hidro_v1.2\EWARM\HIDRO_v1.1\Obj\rtc.o
#        C:\Users\Nahuel\Desktop\Lucia\Hidroponia\Hidro_v1.2\EWARM\HIDRO_v1.1\Obj\sd_diskio.o
#        C:\Users\Nahuel\Desktop\Lucia\Hidroponia\Hidro_v1.2\EWARM\HIDRO_v1.1\Obj\sdmmc.o
#        C:\Users\Nahuel\Desktop\Lucia\Hidroponia\Hidro_v1.2\EWARM\HIDRO_v1.1\Obj\spi.o
#        C:\Users\Nahuel\Desktop\Lucia\Hidroponia\Hidro_v1.2\EWARM\HIDRO_v1.1\Obj\startup_stm32l476xx.o
#        C:\Users\Nahuel\Desktop\Lucia\Hidroponia\Hidro_v1.2\EWARM\HIDRO_v1.1\Obj\stm32l4xx_hal.o
#        C:\Users\Nahuel\Desktop\Lucia\Hidroponia\Hidro_v1.2\EWARM\HIDRO_v1.1\Obj\stm32l4xx_hal_adc.o
#        C:\Users\Nahuel\Desktop\Lucia\Hidroponia\Hidro_v1.2\EWARM\HIDRO_v1.1\Obj\stm32l4xx_hal_adc_ex.o
#        C:\Users\Nahuel\Desktop\Lucia\Hidroponia\Hidro_v1.2\EWARM\HIDRO_v1.1\Obj\stm32l4xx_hal_cortex.o
#        C:\Users\Nahuel\Desktop\Lucia\Hidroponia\Hidro_v1.2\EWARM\HIDRO_v1.1\Obj\stm32l4xx_hal_dac.o
#        C:\Users\Nahuel\Desktop\Lucia\Hidroponia\Hidro_v1.2\EWARM\HIDRO_v1.1\Obj\stm32l4xx_hal_dac_ex.o
#        C:\Users\Nahuel\Desktop\Lucia\Hidroponia\Hidro_v1.2\EWARM\HIDRO_v1.1\Obj\stm32l4xx_hal_dma.o
#        C:\Users\Nahuel\Desktop\Lucia\Hidroponia\Hidro_v1.2\EWARM\HIDRO_v1.1\Obj\stm32l4xx_hal_flash.o
#        C:\Users\Nahuel\Desktop\Lucia\Hidroponia\Hidro_v1.2\EWARM\HIDRO_v1.1\Obj\stm32l4xx_hal_flash_ex.o
#        C:\Users\Nahuel\Desktop\Lucia\Hidroponia\Hidro_v1.2\EWARM\HIDRO_v1.1\Obj\stm32l4xx_hal_flash_ramfunc.o
#        C:\Users\Nahuel\Desktop\Lucia\Hidroponia\Hidro_v1.2\EWARM\HIDRO_v1.1\Obj\stm32l4xx_hal_gpio.o
#        C:\Users\Nahuel\Desktop\Lucia\Hidroponia\Hidro_v1.2\EWARM\HIDRO_v1.1\Obj\stm32l4xx_hal_i2c.o
#        C:\Users\Nahuel\Desktop\Lucia\Hidroponia\Hidro_v1.2\EWARM\HIDRO_v1.1\Obj\stm32l4xx_hal_i2c_ex.o
#        C:\Users\Nahuel\Desktop\Lucia\Hidroponia\Hidro_v1.2\EWARM\HIDRO_v1.1\Obj\stm32l4xx_hal_iwdg.o
#        C:\Users\Nahuel\Desktop\Lucia\Hidroponia\Hidro_v1.2\EWARM\HIDRO_v1.1\Obj\stm32l4xx_hal_msp.o
#        C:\Users\Nahuel\Desktop\Lucia\Hidroponia\Hidro_v1.2\EWARM\HIDRO_v1.1\Obj\stm32l4xx_hal_pwr.o
#        C:\Users\Nahuel\Desktop\Lucia\Hidroponia\Hidro_v1.2\EWARM\HIDRO_v1.1\Obj\stm32l4xx_hal_pwr_ex.o
#        C:\Users\Nahuel\Desktop\Lucia\Hidroponia\Hidro_v1.2\EWARM\HIDRO_v1.1\Obj\stm32l4xx_hal_rcc.o
#        C:\Users\Nahuel\Desktop\Lucia\Hidroponia\Hidro_v1.2\EWARM\HIDRO_v1.1\Obj\stm32l4xx_hal_rcc_ex.o
#        C:\Users\Nahuel\Desktop\Lucia\Hidroponia\Hidro_v1.2\EWARM\HIDRO_v1.1\Obj\stm32l4xx_hal_rtc.o
#        C:\Users\Nahuel\Desktop\Lucia\Hidroponia\Hidro_v1.2\EWARM\HIDRO_v1.1\Obj\stm32l4xx_hal_rtc_ex.o
#        C:\Users\Nahuel\Desktop\Lucia\Hidroponia\Hidro_v1.2\EWARM\HIDRO_v1.1\Obj\stm32l4xx_hal_sd.o
#        C:\Users\Nahuel\Desktop\Lucia\Hidroponia\Hidro_v1.2\EWARM\HIDRO_v1.1\Obj\stm32l4xx_hal_spi.o
#        C:\Users\Nahuel\Desktop\Lucia\Hidroponia\Hidro_v1.2\EWARM\HIDRO_v1.1\Obj\stm32l4xx_hal_spi_ex.o
#        C:\Users\Nahuel\Desktop\Lucia\Hidroponia\Hidro_v1.2\EWARM\HIDRO_v1.1\Obj\stm32l4xx_hal_tim.o
#        C:\Users\Nahuel\Desktop\Lucia\Hidroponia\Hidro_v1.2\EWARM\HIDRO_v1.1\Obj\stm32l4xx_hal_tim_ex.o
#        C:\Users\Nahuel\Desktop\Lucia\Hidroponia\Hidro_v1.2\EWARM\HIDRO_v1.1\Obj\stm32l4xx_hal_uart.o
#        C:\Users\Nahuel\Desktop\Lucia\Hidroponia\Hidro_v1.2\EWARM\HIDRO_v1.1\Obj\stm32l4xx_hal_uart_ex.o
#        C:\Users\Nahuel\Desktop\Lucia\Hidroponia\Hidro_v1.2\EWARM\HIDRO_v1.1\Obj\stm32l4xx_it.o
#        C:\Users\Nahuel\Desktop\Lucia\Hidroponia\Hidro_v1.2\EWARM\HIDRO_v1.1\Obj\stm32l4xx_ll_sdmmc.o
#        C:\Users\Nahuel\Desktop\Lucia\Hidroponia\Hidro_v1.2\EWARM\HIDRO_v1.1\Obj\syscall.o
#        C:\Users\Nahuel\Desktop\Lucia\Hidroponia\Hidro_v1.2\EWARM\HIDRO_v1.1\Obj\system_stm32l4xx.o
#        C:\Users\Nahuel\Desktop\Lucia\Hidroponia\Hidro_v1.2\EWARM\HIDRO_v1.1\Obj\tim.o
#        C:\Users\Nahuel\Desktop\Lucia\Hidroponia\Hidro_v1.2\EWARM\HIDRO_v1.1\Obj\ui.o
#        C:\Users\Nahuel\Desktop\Lucia\Hidroponia\Hidro_v1.2\EWARM\HIDRO_v1.1\Obj\usart.o
#        C:\Users\Nahuel\Desktop\Lucia\Hidroponia\Hidro_v1.2\EWARM\HIDRO_v1.1\Obj\utils.o
#        C:\Users\Nahuel\Desktop\Lucia\Hidroponia\Hidro_v1.2\EWARM\HIDRO_v1.1\Obj\weather.o
#        --redirect _Printf=_PrintfFull --redirect _Scanf=_ScanfFull
#        --no_out_extension -o
#        C:\Users\Nahuel\Desktop\Lucia\Hidroponia\Hidro_v1.2\EWARM\HIDRO_v1.1\Exe\HIDRO_v1.1.out
#        --map
#        C:\Users\Nahuel\Desktop\Lucia\Hidroponia\Hidro_v1.2\EWARM\HIDRO_v1.1\List\HIDRO_v1.1.map
#        --config
#        C:\Users\Nahuel\Desktop\Lucia\Hidroponia\Hidro_v1.2\EWARM/stm32l476xx_flash.icf
#        --semihosting --entry __iar_program_start --vfe --text_out locale)
#
###############################################################################

*******************************************************************************
*** RUNTIME MODEL ATTRIBUTES
***

CppFlavor       = *
__SystemLibrary = DLib
__dlib_version  = 6


*******************************************************************************
*** HEAP SELECTION
***

The basic heap was selected because no calls to memory allocation
functions were found in the application outside of system library
functions, and there are calls to deallocation functions in the
application.


*******************************************************************************
*** PLACEMENT SUMMARY
***

"A0":  place at 0x800'0000 { ro section .intvec };
"P1":  place in [from 0x800'0000 to 0x80f'ffff] { ro };
define block CSTACK with size = 2K, alignment = 8 { };
define block HEAP with size = 1K, alignment = 8 { };
"P2":  place in [from 0x2000'0000 to 0x2001'7fff] {
          rw, block CSTACK, block HEAP };
initialize by copy { rw };

  Section            Kind         Address    Size  Object
  -------            ----         -------    ----  ------
"A0":                                       0x188
  .intvec            ro code   0x800'0000   0x188  startup_stm32l476xx.o [1]
                             - 0x800'0188   0x188

"P1":                                      0xce93
  .text              ro code   0x800'0188  0x1688  ui.o [1]
  .text              ro code   0x800'1810     0xc  stm32l4xx_hal.o [1]
  .text              ro code   0x800'181c   0xc9c  lcd.o [1]
  .text              ro code   0x800'24b8   0x1f0  config_flash.o [1]
  .text              ro code   0x800'26a8    0x48  FltToDbl.o [3]
  .text              ro code   0x800'26f0    0x40  sprintf.o [2]
  .text              ro code   0x800'2730   0x490  irrigation.o [1]
  .text              ro code   0x800'2bc0   0x168  datetime.o [1]
  .text              ro code   0x800'2d28    0xa6  ABImemcpy.o [4]
  .text              ro code   0x800'2dce    0x7a  lz77_init_single.o [4]
  .text              ro code   0x800'2e48   0x1d8  utils.o [1]
  .text              ro code   0x800'3020    0xfc  button.o [1]
  .text              ro code   0x800'311c   0x31c  stm32l4xx_hal_gpio.o [1]
  .text              ro code   0x800'3438   0x104  spi.o [1]
  .text              ro code   0x800'353c    0x1e  stm32l4xx_hal.o [1]
  .text              ro code   0x800'355a    0x3a  zero_init3.o [4]
  .text              ro code   0x800'3594   0x23c  tim.o [1]
  .text              ro code   0x800'37d0   0x7de  stm32l4xx_hal_tim.o [1]
  .text              ro code   0x800'3fae    0x1e  xencoding_8859_1.o [2]
  .text              ro code   0x800'3fcc   0x444  stm32l4xx_hal_spi.o [1]
  .text              ro code   0x800'4410   0x2ac  api_flash.o [1]
  .text              ro code   0x800'46bc   0xf7a  xprintffull.o [2]
  .text              ro code   0x800'5636     0xa  xsprout.o [2]
  .text              ro code   0x800'5640   0x318  adc_sample.o [1]
  .text              ro code   0x800'5958   0x158  api_rtc.o [1]
  .text              ro code   0x800'5ab0   0x2dc  main.o [1]
  .text              ro code   0x800'5d8c    0xe4  stm32l4xx_hal_tim_ex.o [1]
  .text              ro code   0x800'5e70     0x2  stm32l4xx_hal_tim.o [1]
  .text              ro code   0x800'5e74   0x260  stm32l4xx_hal_flash.o [1]
  .text              ro code   0x800'60d4   0x1bc  stm32l4xx_hal_flash_ex.o [1]
  .text              ro code   0x800'6290    0x78  xlocale_c.o [2]
  .text              ro code   0x800'6308    0x16  strchr.o [4]
  .text              ro code   0x800'6320    0x40  xfail_s.o [2]
  .text              ro code   0x800'6360    0x36  strlen.o [4]
  .text              ro code   0x800'6398    0x58  memchr.o [4]
  .text              ro code   0x800'63f0     0xa  xmbcurmax.o [2]
  .text              ro code   0x800'63fc   0x230  I64DivMod.o [4]
  .text              ro code   0x800'662c   0x1a2  DblMul.o [3]
  .text              ro code   0x800'67d0    0x70  frexp.o [3]
  .text              ro code   0x800'6840    0x2e  DblCmpLe.o [3]
  .text              ro code   0x800'6870    0x2e  DblCmpGe.o [3]
  .text              ro code   0x800'68a0   0x13a  ldexp.o [3]
  .text              ro code   0x800'69dc    0x3a  DblToS32.o [3]
  .text              ro code   0x800'6a18    0x22  S32ToDbl.o [3]
  .text              ro code   0x800'6a3c    0xe2  DblSub.o [3]
  .text              ro code   0x800'6b20   0x246  DblDiv.o [3]
  .text              ro code   0x800'6d68    0x28  DblToU32.o [3]
  .text              ro code   0x800'6d90    0x1a  U32ToDbl.o [3]
  .text              ro code   0x800'6dac     0x6  ABImemclr4.o [4]
  .text              ro code   0x800'6db4   0xaf8  stm32l4xx_hal_adc.o [1]
  .text              ro code   0x800'78ac    0x68  DblToFlt.o [3]
  .text              ro code   0x800'7914   0x3e0  stm32l4xx_hal_rtc.o [1]
  .text              ro code   0x800'7cf4   0x1bc  stm32l4xx_hal_rtc_ex.o [1]
  .text              ro code   0x800'7eb0   0x122  stm32l4xx_hal_cortex.o [1]
  .text              ro code   0x800'7fd4    0x24  stm32l4xx_hal.o [1]
  .text              ro code   0x800'7ff8   0x238  gpio.o [1]
  .text              ro code   0x800'8230    0x40  dma.o [1]
  .text              ro code   0x800'8270   0x138  adc.o [1]
  .text              ro code   0x800'83a8    0xec  dac.o [1]
  .text              ro code   0x800'8494    0x84  iwdg.o [1]
  .text              ro code   0x800'8518   0x39c  usart.o [1]
  .text              ro code   0x800'88b4   0x118  rtc.o [1]
  .text              ro code   0x800'89cc   0x18c  sdmmc.o [1]
  .text              ro code   0x800'8b58    0x18  fatfs.o [1]
  .text              ro code   0x800'8b70   0x50c  ff.o [1]
  .text              ro code   0x800'907c   0x1ac  weather.o [1]
  .text              ro code   0x800'9228   0x174  di.o [1]
  .text              ro code   0x800'939c   0x7cc  stm32l4xx_hal_rcc.o [1]
  .text              ro code   0x800'9b68   0x5d8  stm32l4xx_hal_rcc_ex.o [1]
  .text              ro code   0x800'a140    0x7c  stm32l4xx_hal_pwr_ex.o [1]
  .text              ro code   0x800'a1bc     0x6  abort.o [2]
  .text              ro code   0x800'a1c4     0x2  I64DivZer.o [4]
  .text              ro code   0x800'a1c8   0x16a  DblAdd.o [3]
  .text              ro code   0x800'a334    0x32  ABImemset48.o [4]
  .text              ro code   0x800'a368    0x28  stm32l4xx_hal.o [1]
  .text              ro code   0x800'a390    0x8c  stm32l4xx_hal_msp.o [1]
  .text              ro code   0x800'a41c   0x10c  stm32l4xx_hal_adc_ex.o [1]
  .text              ro code   0x800'a528   0x140  stm32l4xx_hal_dac.o [1]
  .text              ro code   0x800'a668    0x64  stm32l4xx_hal_iwdg.o [1]
  .text              ro code   0x800'a6cc   0x78e  stm32l4xx_hal_uart.o [1]
  .text              ro code   0x800'ae5a    0x94  stm32l4xx_hal_uart_ex.o [1]
  .text              ro code   0x800'aef0   0x1d4  stm32l4xx_hal_dma.o [1]
  .text              ro code   0x800'b0c4    0x44  ff_gen_drv.o [1]
  .text              ro code   0x800'b108    0x64  diskio.o [1]
  .text              ro code   0x800'b16c   0x190  api_dht11.o [1]
  .text              ro code   0x800'b2fc    0x14  exit.o [5]
  .text              ro code   0x800'b310     0x2  stm32l4xx_hal_uart.o [1]
  .text              ro code   0x800'b312     0x2  stm32l4xx_hal_uart.o [1]
  .text              ro code   0x800'b314     0x2  stm32l4xx_hal_uart.o [1]
  .text              ro code   0x800'b318   0xdd2  stm32l4xx_hal_sd.o [1]
  .text              ro code   0x800'c0ec   0x6bc  stm32l4xx_ll_sdmmc.o [1]
  .text              ro code   0x800'c7a8     0x2  stm32l4xx_hal_sd.o [1]
  .text              ro code   0x800'c7aa     0x2  stm32l4xx_hal_sd.o [1]
  .text              ro code   0x800'c7ac     0x2  stm32l4xx_hal_sd.o [1]
  .text              ro code   0x800'c7ae     0x2  stm32l4xx_hal_sd.o [1]
  .rodata            const     0x800'c7b0   0x17c  config_flash.o [1]
  .rodata            const     0x800'c92c   0x17c  config_flash.o [1]
  .text              ro code   0x800'caa8    0xf8  sd_diskio.o [1]
  .text              ro code   0x800'cba0    0xa4  bsp_driver_sd.o [1]
  .text              ro code   0x800'cc44    0x1c  fatfs_platform.o [1]
  .text              ro code   0x800'cc60    0x8c  system_stm32l4xx.o [1]
  .text              ro code   0x800'ccec    0x78  stm32l4xx_it.o [1]
  .text              ro code   0x800'cd64    0x10  stm32l4xx_hal.o [1]
  .rodata            const     0x800'cd74    0x6c  ui.o [1]
  .text              ro code   0x800'cde0    0x28  data_init.o [4]
  .text              ro code   0x800'ce08    0x22  fpinit_M.o [3]
  .iar.init_table    const     0x800'ce2c    0x20  - Linker created -
  .text              ro code   0x800'ce4c    0x1e  cmain.o [4]
  .text              ro code   0x800'ce6a     0x4  low_level_init.o [2]
  .text              ro code   0x800'ce6e     0x4  exit.o [2]
  .text              ro code   0x800'ce74     0xa  cexit.o [4]
  .rodata            const     0x800'ce80    0x14  sd_diskio.o [1]
  .text              ro code   0x800'ce94    0x10  startup_stm32l476xx.o [1]
  .text              ro code   0x800'cea4     0xc  cstartup_M.o [4]
  .rodata            const     0x800'ceb0     0x8  system_stm32l4xx.o [1]
  .rodata            const     0x800'ceb8     0x6  xlocale_c.o [2]
  .text              ro code   0x800'cebe     0x4  startup_stm32l476xx.o [1]
  .text              ro code   0x800'cec2     0x4  startup_stm32l476xx.o [1]
  .text              ro code   0x800'cec6     0x4  startup_stm32l476xx.o [1]
  .text              ro code   0x800'ceca     0x4  startup_stm32l476xx.o [1]
  .text              ro code   0x800'cece     0x4  startup_stm32l476xx.o [1]
  .text              ro code   0x800'ced2     0x4  startup_stm32l476xx.o [1]
  .text              ro code   0x800'ced6     0x4  startup_stm32l476xx.o [1]
  .text              ro code   0x800'ceda     0x4  startup_stm32l476xx.o [1]
  .text              ro code   0x800'cede     0x4  startup_stm32l476xx.o [1]
  .text              ro code   0x800'cee2     0x4  startup_stm32l476xx.o [1]
  .text              ro code   0x800'cee6     0x4  startup_stm32l476xx.o [1]
  .text              ro code   0x800'ceea     0x4  startup_stm32l476xx.o [1]
  .text              ro code   0x800'ceee     0x4  startup_stm32l476xx.o [1]
  .text              ro code   0x800'cef2     0x4  startup_stm32l476xx.o [1]
  .text              ro code   0x800'cef6     0x4  startup_stm32l476xx.o [1]
  .text              ro code   0x800'cefa     0x4  startup_stm32l476xx.o [1]
  .text              ro code   0x800'cefe     0x4  startup_stm32l476xx.o [1]
  .text              ro code   0x800'cf02     0x4  startup_stm32l476xx.o [1]
  .text              ro code   0x800'cf06     0x4  startup_stm32l476xx.o [1]
  .text              ro code   0x800'cf0a     0x4  startup_stm32l476xx.o [1]
  .text              ro code   0x800'cf0e     0x4  startup_stm32l476xx.o [1]
  .text              ro code   0x800'cf12     0x4  startup_stm32l476xx.o [1]
  .text              ro code   0x800'cf16     0x4  startup_stm32l476xx.o [1]
  .text              ro code   0x800'cf1a     0x4  startup_stm32l476xx.o [1]
  .text              ro code   0x800'cf1e     0x4  startup_stm32l476xx.o [1]
  .text              ro code   0x800'cf22     0x4  startup_stm32l476xx.o [1]
  .text              ro code   0x800'cf26     0x4  startup_stm32l476xx.o [1]
  .text              ro code   0x800'cf2a     0x4  startup_stm32l476xx.o [1]
  .text              ro code   0x800'cf2e     0x4  startup_stm32l476xx.o [1]
  .text              ro code   0x800'cf32     0x4  startup_stm32l476xx.o [1]
  .text              ro code   0x800'cf36     0x4  startup_stm32l476xx.o [1]
  .text              ro code   0x800'cf3a     0x4  startup_stm32l476xx.o [1]
  .text              ro code   0x800'cf3e     0x4  startup_stm32l476xx.o [1]
  .text              ro code   0x800'cf42     0x4  startup_stm32l476xx.o [1]
  .text              ro code   0x800'cf46     0x4  startup_stm32l476xx.o [1]
  .text              ro code   0x800'cf4a     0x4  startup_stm32l476xx.o [1]
  .text              ro code   0x800'cf4e     0x4  startup_stm32l476xx.o [1]
  .text              ro code   0x800'cf52     0x4  startup_stm32l476xx.o [1]
  .text              ro code   0x800'cf56     0x4  startup_stm32l476xx.o [1]
  .text              ro code   0x800'cf5a     0x4  startup_stm32l476xx.o [1]
  .text              ro code   0x800'cf5e     0x4  startup_stm32l476xx.o [1]
  .text              ro code   0x800'cf62     0x4  startup_stm32l476xx.o [1]
  .text              ro code   0x800'cf66     0x4  startup_stm32l476xx.o [1]
  .text              ro code   0x800'cf6a     0x4  startup_stm32l476xx.o [1]
  .text              ro code   0x800'cf6e     0x4  startup_stm32l476xx.o [1]
  .text              ro code   0x800'cf72     0x4  startup_stm32l476xx.o [1]
  .text              ro code   0x800'cf76     0x4  startup_stm32l476xx.o [1]
  .text              ro code   0x800'cf7a     0x4  startup_stm32l476xx.o [1]
  .text              ro code   0x800'cf7e     0x4  startup_stm32l476xx.o [1]
  .text              ro code   0x800'cf82     0x4  startup_stm32l476xx.o [1]
  .text              ro code   0x800'cf86     0x4  startup_stm32l476xx.o [1]
  .text              ro code   0x800'cf8a     0x4  startup_stm32l476xx.o [1]
  .text              ro code   0x800'cf8e     0x4  startup_stm32l476xx.o [1]
  .text              ro code   0x800'cf92     0x4  startup_stm32l476xx.o [1]
  .text              ro code   0x800'cf96     0x4  startup_stm32l476xx.o [1]
  .text              ro code   0x800'cf9a     0x4  startup_stm32l476xx.o [1]
  .text              ro code   0x800'cf9e     0x4  startup_stm32l476xx.o [1]
  .text              ro code   0x800'cfa2     0x4  startup_stm32l476xx.o [1]
  .text              ro code   0x800'cfa6     0x4  startup_stm32l476xx.o [1]
  .text              ro code   0x800'cfaa     0x4  startup_stm32l476xx.o [1]
  .text              ro code   0x800'cfae     0x4  startup_stm32l476xx.o [1]
  .text              ro code   0x800'cfb2     0x4  startup_stm32l476xx.o [1]
  .text              ro code   0x800'cfb6     0x4  startup_stm32l476xx.o [1]
  .text              ro code   0x800'cfba     0x4  startup_stm32l476xx.o [1]
  .text              ro code   0x800'cfbe     0x4  startup_stm32l476xx.o [1]
  .text              ro code   0x800'cfc2     0x4  startup_stm32l476xx.o [1]
  .text              ro code   0x800'cfc6     0x4  startup_stm32l476xx.o [1]
  .text              ro code   0x800'cfca     0x4  startup_stm32l476xx.o [1]
  .text              ro code   0x800'cfce     0x4  startup_stm32l476xx.o [1]
  .text              ro code   0x800'cfd2     0x4  startup_stm32l476xx.o [1]
  .text              ro code   0x800'cfd6     0x4  startup_stm32l476xx.o [1]
  .text              ro code   0x800'cfda     0x4  startup_stm32l476xx.o [1]
  .rodata            const     0x800'cfde     0x0  zero_init3.o [4]
  .rodata            const     0x800'cfde     0x0  lz77_init_single.o [4]
  Initializer bytes  const     0x800'cfde    0x3d  <for P2-1>
                             - 0x800'd01b  0xce93

Absolute sections:                          0x180
  .rodata            const     0x807'f800   0x180  config_flash.o [1]
                             - 0x807'f980   0x180

"P2", part 1 of 3:                           0x99
  P2-1                        0x2000'0000    0x99  <Init block>
    .data            inited   0x2000'0000    0x14  adc_sample.o [1]
    .data            inited   0x2000'0014     0x4  system_stm32l4xx.o [1]
    .data            inited   0x2000'0018    0x38  xlocale_c.o [2]
    .data            inited   0x2000'0050    0x48  xlocale_c.o [2]
    .data            inited   0x2000'0098     0x1  sd_diskio.o [1]
                            - 0x2000'0099    0x99

"P2", part 2 of 3:                          0xb60
  .bss               zero     0x2000'009c   0x400  lcd.o [1]
  .bss               zero     0x2000'049c   0x17c  config_flash.o [1]
  .bss               zero     0x2000'0618    0x90  sdmmc.o [1]
  .bss               zero     0x2000'06a8    0x84  sdmmc.o [1]
  .bss               zero     0x2000'072c    0x70  usart.o [1]
  .bss               zero     0x2000'079c    0x70  usart.o [1]
  .bss               zero     0x2000'080c    0x70  usart.o [1]
  .bss               zero     0x2000'087c    0x70  usart.o [1]
  .bss               zero     0x2000'08ec    0x70  usart.o [1]
  .bss               zero     0x2000'095c    0x68  adc.o [1]
  .bss               zero     0x2000'09c4    0x64  spi.o [1]
  .bss               zero     0x2000'0a28    0x40  ui.o [1]
  .bss               zero     0x2000'0a68    0x3c  tim.o [1]
  .bss               zero     0x2000'0aa4    0x3c  tim.o [1]
  .bss               zero     0x2000'0ae0    0x24  rtc.o [1]
  .bss               zero     0x2000'0b04    0x20  lcd.o [1]
  .bss               zero     0x2000'0b24    0x20  stm32l4xx_hal_flash.o [1]
  .bss               zero     0x2000'0b44    0x18  ff.o [1]
  .bss               zero     0x2000'0b5c    0x14  dac.o [1]
  .bss               zero     0x2000'0b70    0x14  weather.o [1]
  .bss               zero     0x2000'0b84    0x10  iwdg.o [1]
  .bss               zero     0x2000'0b94     0xc  ff_gen_drv.o [1]
  .bss               zero     0x2000'0ba0     0xc  irrigation.o [1]
  .bss               zero     0x2000'0bac     0xb  di.o [1]
  .bss               zero     0x2000'0bb8     0x8  button.o [1]
  .bss               zero     0x2000'0bc0     0x8  datetime.o [1]
  .bss               zero     0x2000'0bc8     0x8  fatfs.o [1]
  .bss               zero     0x2000'0bd0     0x8  ff.o [1]
  .bss               zero     0x2000'0bd8     0x8  irrigation.o [1]
  .bss               zero     0x2000'0be0     0x8  ui.o [1]
  .bss               zero     0x2000'0be8     0x4  button.o [1]
  .bss               zero     0x2000'0bec     0x4  main.o [1]
  .bss               zero     0x2000'0bf0     0x4  stm32l4xx_hal.o [1]
  .bss               zero     0x2000'0bf4     0x4  xfail_s.o [2]
  .bss               zero     0x2000'0bf8     0x2  lcd.o [1]
                            - 0x2000'0bfa   0xb5e

"P2", part 3 of 3:                          0x800
  CSTACK                      0x2000'0c00   0x800  <Block>
    CSTACK           uninit   0x2000'0c00   0x800  <Block tail>
                            - 0x2000'1400   0x800

Unused ranges:

         From           To      Size
         ----           --      ----
   0x800'd01b   0x807'f7ff  0x7'27e5
   0x807'f980   0x80f'ffff  0x8'0680
  0x2000'0099  0x2000'009b       0x3
  0x2000'0bfc  0x2000'0bff       0x4
  0x2000'1400  0x2001'7fff  0x1'6c00


*******************************************************************************
*** INIT TABLE
***

          Address      Size
          -------      ----
Zero (__iar_zero_init3)
    1 destination range, total size 0xb5e:
          0x2000'009c  0xb5e

Copy/lz77 (__iar_lz77_init_single3)
    1 source range, total size 0x3d (39% of destination):
           0x800'cfde   0x3d
    1 destination range, total size 0x99:
          0x2000'0000   0x99



*******************************************************************************
*** MODULE SUMMARY
***

    Module                    ro code  ro data  rw data  ro data
                                                          (abs)
    ------                    -------  -------  -------  -------
command line/config:
    ------------------------------------------------------------
    Total:

C:\Users\Nahuel\Desktop\Lucia\Hidroponia\Hidro_v1.2\EWARM\HIDRO_v1.1\Obj: [1]
    adc.o                         312               104
    adc_sample.o                  792        7       20
    api_dht11.o                   400
    api_flash.o                   684
    api_rtc.o                     344
    bsp_driver_sd.o               164
    button.o                      252                12
    config_flash.o                496      760      380      384
    dac.o                         236                20
    datetime.o                    360                 8
    di.o                          372                11
    diskio.o                      100
    dma.o                          64
    fatfs.o                        24                 8
    fatfs_platform.o               28
    ff.o                        1 292                32
    ff_gen_drv.o                   68                12
    gpio.o                        568
    irrigation.o                1 168                20
    iwdg.o                        132                16
    lcd.o                       3 228             1 058
    main.o                        732                 4
    rtc.o                         280                36
    sd_diskio.o                   248       21        1
    sdmmc.o                       396               276
    spi.o                         260               100
    startup_stm32l476xx.o         696
    stm32l4xx_hal.o               134                 4
    stm32l4xx_hal_adc.o         2 808
    stm32l4xx_hal_adc_ex.o        268
    stm32l4xx_hal_cortex.o        290
    stm32l4xx_hal_dac.o           320
    stm32l4xx_hal_dma.o           468
    stm32l4xx_hal_flash.o         608                32
    stm32l4xx_hal_flash_ex.o      444
    stm32l4xx_hal_gpio.o          796
    stm32l4xx_hal_iwdg.o          100
    stm32l4xx_hal_msp.o           140
    stm32l4xx_hal_pwr_ex.o        124
    stm32l4xx_hal_rcc.o         1 996
    stm32l4xx_hal_rcc_ex.o      1 496
    stm32l4xx_hal_rtc.o           992
    stm32l4xx_hal_rtc_ex.o        444
    stm32l4xx_hal_sd.o          3 546
    stm32l4xx_hal_spi.o         1 092
    stm32l4xx_hal_tim.o         2 016
    stm32l4xx_hal_tim_ex.o        228
    stm32l4xx_hal_uart.o        1 940
    stm32l4xx_hal_uart_ex.o       148
    stm32l4xx_it.o                120
    stm32l4xx_ll_sdmmc.o        1 724
    system_stm32l4xx.o            140       10        4
    tim.o                         572               120
    ui.o                        5 768      108       72
    usart.o                       924               560
    utils.o                       472
    weather.o                     428                20
    ------------------------------------------------------------
    Total:                     44 242      906    2 930      384

dl7M_tlf.a: [2]
    abort.o                         6
    exit.o                          4
    low_level_init.o                4
    sprintf.o                      64
    xencoding_8859_1.o             30
    xfail_s.o                      64                 4
    xlocale_c.o                   120       57      128
    xmbcurmax.o                    10
    xprintffull.o               3 962
    xsprout.o                      10
    ------------------------------------------------------------
    Total:                      4 274       57      132

m7M_tls.a: [3]
    DblAdd.o                      362
    DblCmpGe.o                     46
    DblCmpLe.o                     46
    DblDiv.o                      582
    DblMul.o                      418
    DblSub.o                      226
    DblToFlt.o                    104
    DblToS32.o                     58
    DblToU32.o                     40
    FltToDbl.o                     72
    S32ToDbl.o                     34
    U32ToDbl.o                     26
    fpinit_M.o                     34
    frexp.o                       112
    ldexp.o                       314
    ------------------------------------------------------------
    Total:                      2 474

rt7M_tl.a: [4]
    ABImemclr4.o                    6
    ABImemcpy.o                   166
    ABImemset48.o                  50
    I64DivMod.o                   560
    I64DivZer.o                     2
    cexit.o                        10
    cmain.o                        30
    cstartup_M.o                   12
    data_init.o                    40
    lz77_init_single.o            122
    memchr.o                       88
    strchr.o                       22
    strlen.o                       54
    zero_init3.o                   58
    ------------------------------------------------------------
    Total:                      1 220

shb_l.a: [5]
    exit.o                         20
    ------------------------------------------------------------
    Total:                         20

    Gaps                           46        4        1
    Linker created                          32    2 048
----------------------------------------------------------------
    Grand Total:               52 276      999    5 111      384


*******************************************************************************
*** ENTRY LIST
***

Entry                       Address    Size  Type      Object
-----                       -------    ----  ----      ------
.iar.init_table$$Base    0x800'ce2c           --   Gb  - Linker created -
.iar.init_table$$Limit   0x800'ce4c           --   Gb  - Linker created -
?main                    0x800'ce4d          Code  Gb  cmain.o [4]
ADC_ConversionStop       0x800'76cd    0xc4  Code  Gb  stm32l4xx_hal_adc.o [1]
ADC_Disable              0x800'7831    0x7a  Code  Gb  stm32l4xx_hal_adc.o [1]
ADC_Enable               0x800'77b5    0x7c  Code  Gb  stm32l4xx_hal_adc.o [1]
ADC_State               0x2000'0000     0x1  Data  Gb  adc_sample.o [1]
AHBPrescTable            0x800'ccac    0x10  Data  Gb  system_stm32l4xx.o [1]
APBPrescTable            0x800'ceb0     0x8  Data  Gb  system_stm32l4xx.o [1]
BSP_PlatformIsDetected   0x800'cc45    0x1c  Code  Gb  fatfs_platform.o [1]
BSP_SD_GetCardInfo       0x800'cc1b     0x8  Code  Gb  bsp_driver_sd.o [1]
BSP_SD_GetCardState      0x800'cc07    0x14  Code  Gb  bsp_driver_sd.o [1]
BSP_SD_Init              0x800'cba1    0x2e  Code  Gb  bsp_driver_sd.o [1]
BSP_SD_IsDetected        0x800'cc29    0x1c  Code  Gb  bsp_driver_sd.o [1]
BSP_SD_ReadBlocks        0x800'cbcf    0x1c  Code  Gb  bsp_driver_sd.o [1]
BSP_SD_WriteBlocks       0x800'cbeb    0x1c  Code  Gb  bsp_driver_sd.o [1]
BusFault_Handler         0x800'ccf3     0x2  Code  Gb  stm32l4xx_it.o [1]
CSTACK$$Base            0x2000'0c00           --   Gb  - Linker created -
CSTACK$$Limit           0x2000'1400           --   Gb  - Linker created -
CacheMore                0x800'6295    0x24  Code  Lc  xlocale_c.o [2]
DHT11_check_response     0x800'b1c1    0x54  Code  Gb  api_dht11.o [1]
DHT11_read               0x800'b215    0x80  Code  Gb  api_dht11.o [1]
DHT11_start              0x800'b16d    0x54  Code  Gb  api_dht11.o [1]
DMA2_Channel4_IRQHandler
                         0x800'cd2f     0x6  Code  Gb  stm32l4xx_it.o [1]
DMA2_Channel5_IRQHandler
                         0x800'cd35     0x6  Code  Gb  stm32l4xx_it.o [1]
DebugMon_Handler         0x800'ccf9     0x2  Code  Gb  stm32l4xx_it.o [1]
Di_State                0x2000'0bb4     0x1  Data  Gb  di.o [1]
FATFS_LinkDriver         0x800'b101     0x4  Code  Gb  ff_gen_drv.o [1]
FATFS_LinkDriverEx       0x800'b0c5    0x3c  Code  Gb  ff_gen_drv.o [1]
FLASH_FlushCaches        0x800'6221    0x5a  Code  Gb  stm32l4xx_hal_flash_ex.o [1]
FLASH_MassErase          0x800'61c5    0x26  Code  Lc  stm32l4xx_hal_flash_ex.o [1]
FLASH_PageErase          0x800'61eb    0x36  Code  Gb  stm32l4xx_hal_flash_ex.o [1]
FLASH_Program_DoubleWord
                         0x800'6079    0x16  Code  Lc  stm32l4xx_hal_flash.o [1]
FLASH_Program_Fast       0x800'608f    0x28  Code  Lc  stm32l4xx_hal_flash.o [1]
FLASH_SetErrorCode       0x800'5fcb    0xae  Code  Lc  stm32l4xx_hal_flash.o [1]
FLASH_WaitForLastOperation
                         0x800'5f4d    0x7e  Code  Gb  stm32l4xx_hal_flash.o [1]
FatFs                   0x2000'0bd4     0x4  Data  Lc  ff.o [1]
Files                   0x2000'0b44    0x18  Data  Lc  ff.o [1]
Flags                   0x2000'0bec     0x4  Data  Gb  main.o [1]
Flags_ADC               0x2000'0001     0x1  Data  Gb  adc_sample.o [1]
Flags_Buttons           0x2000'0bba     0x1  Data  Gb  button.o [1]
Flags_DI                0x2000'0bb5     0x1  Data  Gb  di.o [1]
Flags_Irrigation        0x2000'0ba1     0x1  Data  Gb  irrigation.o [1]
Flags_LCD               0x2000'0b08     0x1  Data  Gb  lcd.o [1]
Flags_Weather           0x2000'0b71     0x1  Data  Gb  weather.o [1]
FontLookup               0x800'1ce0   0x1d8  Data  Lc  lcd.o [1]
FontLookup_2             0x800'1eb8   0x600  Data  Lc  lcd.o [1]
Fsid                    0x2000'0bd0     0x2  Data  Lc  ff.o [1]
Global_Date             0x2000'0bc0     0x8  Data  Gb  datetime.o [1]
GotoXY                   0x800'1bdf    0x30  Code  Gb  lcd.o [1]
HAL_ADCEx_MultiModeConfigChannel
                         0x800'a41d    0xfa  Code  Gb  stm32l4xx_hal_adc_ex.o [1]
HAL_ADC_ConfigChannel    0x800'72f5   0x3d8  Code  Gb  stm32l4xx_hal_adc.o [1]
HAL_ADC_GetValue         0x800'72e9     0x6  Code  Gb  stm32l4xx_hal_adc.o [1]
HAL_ADC_Init             0x800'6db5   0x252  Code  Gb  stm32l4xx_hal_adc.o [1]
HAL_ADC_MspInit          0x800'8307    0x4e  Code  Gb  adc.o [1]
HAL_ADC_PollForConversion
                         0x800'7157   0x16c  Code  Gb  stm32l4xx_hal_adc.o [1]
HAL_ADC_Start            0x800'7007   0x112  Code  Gb  stm32l4xx_hal_adc.o [1]
HAL_ADC_Stop             0x800'7119    0x3e  Code  Gb  stm32l4xx_hal_adc.o [1]
HAL_DAC_ConfigChannel    0x800'a553   0x116  Code  Gb  stm32l4xx_hal_dac.o [1]
HAL_DAC_Init             0x800'a529    0x2a  Code  Gb  stm32l4xx_hal_dac.o [1]
HAL_DAC_MspInit          0x800'840b    0x3c  Code  Gb  dac.o [1]
HAL_DMA_Abort_IT         0x800'afd1    0x48  Code  Gb  stm32l4xx_hal_dma.o [1]
HAL_DMA_IRQHandler       0x800'b019    0xac  Code  Gb  stm32l4xx_hal_dma.o [1]
HAL_DMA_Init             0x800'aef1    0xc2  Code  Gb  stm32l4xx_hal_dma.o [1]
HAL_Delay                0x800'353d    0x1e  Code  Wk  stm32l4xx_hal.o [1]
HAL_FLASHEx_Erase        0x800'60d5    0xf0  Code  Gb  stm32l4xx_hal_flash_ex.o [1]
HAL_FLASH_Lock           0x800'5f3f     0xe  Code  Gb  stm32l4xx_hal_flash.o [1]
HAL_FLASH_Program        0x800'5e75    0xb2  Code  Gb  stm32l4xx_hal_flash.o [1]
HAL_FLASH_Unlock         0x800'5f27    0x18  Code  Gb  stm32l4xx_hal_flash.o [1]
HAL_GPIO_DeInit          0x800'32d5   0x124  Code  Gb  stm32l4xx_hal_gpio.o [1]
HAL_GPIO_Init            0x800'311d   0x1b8  Code  Gb  stm32l4xx_hal_gpio.o [1]
HAL_GPIO_ReadPin         0x800'33f9    0x10  Code  Gb  stm32l4xx_hal_gpio.o [1]
HAL_GPIO_WritePin        0x800'3409     0xc  Code  Gb  stm32l4xx_hal_gpio.o [1]
HAL_GetTick              0x800'1811     0xc  Code  Wk  stm32l4xx_hal.o [1]
HAL_IWDG_Init            0x800'a669    0x58  Code  Gb  stm32l4xx_hal_iwdg.o [1]
HAL_IWDG_Refresh         0x800'a6c1     0xc  Code  Gb  stm32l4xx_hal_iwdg.o [1]
HAL_IncTick              0x800'cd65    0x10  Code  Wk  stm32l4xx_hal.o [1]
HAL_Init                 0x800'7fd5    0x20  Code  Gb  stm32l4xx_hal.o [1]
HAL_InitTick             0x800'a369    0x28  Code  Wk  stm32l4xx_hal.o [1]
HAL_MspInit              0x800'a391    0x8c  Code  Gb  stm32l4xx_hal_msp.o [1]
HAL_NVIC_DisableIRQ      0x800'7f93     0x2  Code  Gb  stm32l4xx_hal_cortex.o [1]
HAL_NVIC_EnableIRQ       0x800'7f91     0x2  Code  Gb  stm32l4xx_hal_cortex.o [1]
HAL_NVIC_SetPriority     0x800'7f73    0x1e  Code  Gb  stm32l4xx_hal_cortex.o [1]
HAL_NVIC_SetPriorityGrouping
                         0x800'7f71     0x2  Code  Gb  stm32l4xx_hal_cortex.o [1]
HAL_PWREx_ControlVoltageScaling
                         0x800'a14d    0x62  Code  Gb  stm32l4xx_hal_pwr_ex.o [1]
HAL_PWREx_GetVoltageRange
                         0x800'a141     0xc  Code  Gb  stm32l4xx_hal_pwr_ex.o [1]
HAL_RCCEx_EnableMSIPLLMode
                         0x800'9eed     0xc  Code  Gb  stm32l4xx_hal_rcc_ex.o [1]
HAL_RCCEx_PeriphCLKConfig
                         0x800'9b69   0x37c  Code  Gb  stm32l4xx_hal_rcc_ex.o [1]
HAL_RCC_ClockConfig      0x800'980f   0x16c  Code  Gb  stm32l4xx_hal_rcc.o [1]
HAL_RCC_GetHCLKFreq      0x800'9a85     0x6  Code  Gb  stm32l4xx_hal_rcc.o [1]
HAL_RCC_GetPCLK1Freq     0x800'9a8b    0x16  Code  Gb  stm32l4xx_hal_rcc.o [1]
HAL_RCC_GetPCLK2Freq     0x800'9aa1    0x16  Code  Gb  stm32l4xx_hal_rcc.o [1]
HAL_RCC_GetSysClockFreq
                         0x800'99c3    0xc2  Code  Gb  stm32l4xx_hal_rcc.o [1]
HAL_RCC_MCOConfig        0x800'997b    0x48  Code  Gb  stm32l4xx_hal_rcc.o [1]
HAL_RCC_OscConfig        0x800'939d   0x472  Code  Gb  stm32l4xx_hal_rcc.o [1]
HAL_RS485Ex_Init         0x800'ae5b    0x92  Code  Gb  stm32l4xx_hal_uart_ex.o [1]
HAL_RTCEx_BKUPRead       0x800'7ea5     0xc  Code  Gb  stm32l4xx_hal_rtc_ex.o [1]
HAL_RTCEx_BKUPWrite      0x800'7e99     0xc  Code  Gb  stm32l4xx_hal_rtc_ex.o [1]
HAL_RTCEx_DeactivateWakeUpTimer
                         0x800'7ddf    0x80  Code  Gb  stm32l4xx_hal_rtc_ex.o [1]
HAL_RTCEx_SetWakeUpTimer_IT
                         0x800'7cf5    0xea  Code  Gb  stm32l4xx_hal_rtc_ex.o [1]
HAL_RTCEx_WakeUpTimerEventCallback
                         0x800'5ab1     0xc  Code  Gb  main.o [1]
HAL_RTCEx_WakeUpTimerIRQHandler
                         0x800'7e5f    0x2e  Code  Gb  stm32l4xx_hal_rtc_ex.o [1]
HAL_RTC_GetDate          0x800'7c07    0x4c  Code  Gb  stm32l4xx_hal_rtc.o [1]
HAL_RTC_GetTime          0x800'7ac9    0x5e  Code  Gb  stm32l4xx_hal_rtc.o [1]
HAL_RTC_Init             0x800'7915    0xbe  Code  Gb  stm32l4xx_hal_rtc.o [1]
HAL_RTC_MspInit          0x800'896b    0x14  Code  Gb  rtc.o [1]
HAL_RTC_SetDate          0x800'7b27    0xe0  Code  Gb  stm32l4xx_hal_rtc.o [1]
HAL_RTC_SetTime          0x800'79d3    0xf6  Code  Gb  stm32l4xx_hal_rtc.o [1]
HAL_RTC_WaitForSynchro   0x800'7c61    0x32  Code  Gb  stm32l4xx_hal_rtc.o [1]
HAL_SD_ConfigWideBusOperation
                         0x800'bba9    0xa6  Code  Gb  stm32l4xx_hal_sd.o [1]
HAL_SD_GetCardCSD        0x800'b999   0x1ec  Code  Gb  stm32l4xx_hal_sd.o [1]
HAL_SD_GetCardInfo       0x800'bb85    0x24  Code  Gb  stm32l4xx_hal_sd.o [1]
HAL_SD_GetCardState      0x800'bc4f    0x24  Code  Gb  stm32l4xx_hal_sd.o [1]
HAL_SD_IRQHandler        0x800'b7e1   0x1b8  Code  Gb  stm32l4xx_hal_sd.o [1]
HAL_SD_Init              0x800'b319    0x3e  Code  Gb  stm32l4xx_hal_sd.o [1]
HAL_SD_InitCard          0x800'b357    0x98  Code  Gb  stm32l4xx_hal_sd.o [1]
HAL_SD_MspInit           0x800'89e5   0x116  Code  Gb  sdmmc.o [1]
HAL_SD_ReadBlocks        0x800'b3ef   0x202  Code  Gb  stm32l4xx_hal_sd.o [1]
HAL_SD_WriteBlocks       0x800'b5f1   0x1f0  Code  Gb  stm32l4xx_hal_sd.o [1]
HAL_SPI_DeInit           0x800'4081    0x2a  Code  Gb  stm32l4xx_hal_spi.o [1]
HAL_SPI_Init             0x800'3fcd    0xb4  Code  Gb  stm32l4xx_hal_spi.o [1]
HAL_SPI_MspDeInit        0x800'34cd    0x1e  Code  Gb  spi.o [1]
HAL_SPI_MspInit          0x800'3489    0x44  Code  Gb  spi.o [1]
HAL_SPI_Transmit         0x800'40ab   0x1c8  Code  Gb  stm32l4xx_hal_spi.o [1]
HAL_SYSTICK_CLKSourceConfig
                         0x800'7f97    0x18  Code  Gb  stm32l4xx_hal_cortex.o [1]
HAL_SYSTICK_Config       0x800'7f95     0x2  Code  Gb  stm32l4xx_hal_cortex.o [1]
HAL_SYSTICK_IRQHandler   0x800'7faf     0x4  Code  Gb  stm32l4xx_hal_cortex.o [1]
HAL_TIMEx_ConfigBreakDeadTime
                         0x800'5ddd    0x8c  Code  Gb  stm32l4xx_hal_tim_ex.o [1]
HAL_TIMEx_MasterConfigSynchronization
                         0x800'5d8d    0x50  Code  Gb  stm32l4xx_hal_tim_ex.o [1]
HAL_TIM_Base_DeInit      0x800'3803    0x34  Code  Gb  stm32l4xx_hal_tim.o [1]
HAL_TIM_Base_Init        0x800'37d1    0x32  Code  Gb  stm32l4xx_hal_tim.o [1]
HAL_TIM_Base_MspDeInit   0x800'3757    0x26  Code  Gb  tim.o [1]
HAL_TIM_Base_MspInit     0x800'36eb    0x3e  Code  Gb  tim.o [1]
HAL_TIM_Base_Start       0x800'3837    0x1a  Code  Gb  stm32l4xx_hal_tim.o [1]
HAL_TIM_ConfigClockSource
                         0x800'3a95   0x106  Code  Gb  stm32l4xx_hal_tim.o [1]
HAL_TIM_MspPostInit      0x800'3729    0x2e  Code  Gb  tim.o [1]
HAL_TIM_PWM_ConfigChannel
                         0x800'396d   0x128  Code  Gb  stm32l4xx_hal_tim.o [1]
HAL_TIM_PWM_Init         0x800'3851    0x32  Code  Gb  stm32l4xx_hal_tim.o [1]
HAL_TIM_PWM_Start        0x800'3883    0x56  Code  Gb  stm32l4xx_hal_tim.o [1]
HAL_TIM_PWM_Stop         0x800'38d9    0x80  Code  Gb  stm32l4xx_hal_tim.o [1]
HAL_UARTEx_WakeupCallback
                         0x800'aeed     0x2  Code  Wk  stm32l4xx_hal_uart_ex.o [1]
HAL_UART_IRQHandler      0x800'a737   0x146  Code  Gb  stm32l4xx_hal_uart.o [1]
HAL_UART_Init            0x800'a6cd    0x6a  Code  Gb  stm32l4xx_hal_uart.o [1]
HAL_UART_MspInit         0x800'8665   0x1da  Code  Gb  usart.o [1]
HardFault_Handler        0x800'ccef     0x2  Code  Gb  stm32l4xx_it.o [1]
Initial_Date            0x2000'0bd8     0x8  Data  Gb  irrigation.o [1]
Irrigation_State        0x2000'0ba0     0x1  Data  Gb  irrigation.o [1]
Irrigation_Timer        0x2000'0ba4     0x4  Data  Gb  irrigation.o [1]
LCDBlink                 0x800'1c65    0x62  Code  Gb  lcd.o [1]
LCDBlinkOn               0x800'1b77    0x28  Code  Gb  lcd.o [1]
LCDChrXY                 0x800'1985    0x38  Code  Gb  lcd.o [1]
LCDChrXY_2               0x800'19f5    0x3a  Code  Gb  lcd.o [1]
LCDClearLines            0x800'1927    0x5e  Code  Gb  lcd.o [1]
LCDContrast              0x800'181d    0x16  Code  Gb  lcd.o [1]
LCDInit                  0x800'1833    0x9a  Code  Gb  lcd.o [1]
LCDNotChrXY              0x800'19bd    0x38  Code  Gb  lcd.o [1]
LCDScroll                0x800'1c0f    0x56  Code  Gb  lcd.o [1]
LCDScrollOn              0x800'1b51    0x26  Code  Gb  lcd.o [1]
LCDSleep                 0x800'18cd    0x5a  Code  Gb  lcd.o [1]
LCDStr                   0x800'1a83    0x54  Code  Gb  lcd.o [1]
LCDStr_2                 0x800'1a2f    0x54  Code  Gb  lcd.o [1]
LCDUpdate                0x800'1ad7    0x7a  Code  Gb  lcd.o [1]
LPUART1_IRQHandler       0x800'cd3b     0x6  Code  Gb  stm32l4xx_it.o [1]
LcdMemory               0x2000'009c   0x400  Data  Gb  lcd.o [1]
LoadInt                  0x800'487f    0x7a  Code  Lc  xprintffull.o [2]
MSIRangeTable            0x800'ccbc    0x30  Data  Gb  system_stm32l4xx.o [1]
MX_ADC1_Init             0x800'8271    0x96  Code  Gb  adc.o [1]
MX_DAC1_Init             0x800'83a9    0x62  Code  Gb  dac.o [1]
MX_DMA_Init              0x800'8231    0x40  Code  Gb  dma.o [1]
MX_FATFS_Init            0x800'8b59    0x10  Code  Gb  fatfs.o [1]
MX_GPIO_Init             0x800'7ff9   0x238  Code  Gb  gpio.o [1]
MX_IWDG_Init             0x800'8495    0x2c  Code  Gb  iwdg.o [1]
MX_LPUART1_UART_Init     0x800'8519    0x42  Code  Gb  usart.o [1]
MX_NVIC_Init             0x800'5ce5    0x66  Code  Lc  main.o [1]
MX_RTC_Init              0x800'88b5    0xb6  Code  Gb  rtc.o [1]
MX_SDMMC1_SD_Init        0x800'89cd    0x18  Code  Gb  sdmmc.o [1]
MX_SPI1_Init             0x800'3439    0x50  Code  Gb  spi.o [1]
MX_TIM1_Init             0x800'3595    0xe6  Code  Gb  tim.o [1]
MX_TIM2_Init             0x800'367d    0x6e  Code  Gb  tim.o [1]
MX_UART4_Init            0x800'855b    0x44  Code  Gb  usart.o [1]
MX_USART1_UART_Init      0x800'859f    0x44  Code  Gb  usart.o [1]
MX_USART2_UART_Init      0x800'85e3    0x40  Code  Gb  usart.o [1]
MX_USART3_UART_Init      0x800'8625    0x40  Code  Gb  usart.o [1]
MemManage_Handler        0x800'ccf1     0x2  Code  Gb  stm32l4xx_it.o [1]
NMI_Handler              0x800'cced     0x2  Code  Gb  stm32l4xx_it.o [1]
NVIC_DisableIRQ          0x800'7ee7    0x12  Code  Lc  stm32l4xx_hal_cortex.o [1]
NVIC_EnableIRQ           0x800'7ed5    0x12  Code  Lc  stm32l4xx_hal_cortex.o [1]
NVIC_EncodePriority      0x800'7f13    0x36  Code  Lc  stm32l4xx_hal_cortex.o [1]
NVIC_GetPriorityGrouping
                         0x800'7ecb     0xa  Code  Lc  stm32l4xx_hal_cortex.o [1]
NVIC_SetPriority         0x800'7ef9    0x1a  Code  Lc  stm32l4xx_hal_cortex.o [1]
NVIC_SetPriorityGrouping
                         0x800'7eb1    0x1a  Code  Lc  stm32l4xx_hal_cortex.o [1]
No_Flow_Timer           0x2000'0ba8     0x4  Data  Gb  irrigation.o [1]
PendSV_Handler           0x800'ccfb     0x2  Code  Gb  stm32l4xx_it.o [1]
RCCEx_PLLSAI1_Config     0x800'9efd   0x128  Code  Lc  stm32l4xx_hal_rcc_ex.o [1]
RCCEx_PLLSAI2_Config     0x800'a025   0x10c  Code  Lc  stm32l4xx_hal_rcc_ex.o [1]
RCC_SetFlashLatencyFromMSIRange
                         0x800'9ab7    0x7a  Code  Lc  stm32l4xx_hal_rcc.o [1]
RTC_Bcd2ToByte           0x800'7ce1    0x14  Code  Gb  stm32l4xx_hal_rtc.o [1]
RTC_ByteToBcd2           0x800'7cc9    0x18  Code  Gb  stm32l4xx_hal_rtc.o [1]
RTC_EnterInitMode        0x800'7c93    0x36  Code  Gb  stm32l4xx_hal_rtc.o [1]
RTC_WKUP_IRQHandler      0x800'cd0b     0x6  Code  Gb  stm32l4xx_it.o [1]
Region$$Table$$Base      0x800'ce2c           --   Gb  - Linker created -
Region$$Table$$Limit     0x800'ce4c           --   Gb  - Linker created -
SDMMC1_IRQHandler        0x800'cd23     0x6  Code  Gb  stm32l4xx_it.o [1]
SDMMC_CmdAppCommand      0x800'c351    0x32  Code  Gb  stm32l4xx_ll_sdmmc.o [1]
SDMMC_CmdAppOperCommand
                         0x800'c383    0x32  Code  Gb  stm32l4xx_ll_sdmmc.o [1]
SDMMC_CmdBlockLength     0x800'c199    0x32  Code  Gb  stm32l4xx_ll_sdmmc.o [1]
SDMMC_CmdBusWidth        0x800'c3b5    0x32  Code  Gb  stm32l4xx_ll_sdmmc.o [1]
SDMMC_CmdGoIdleState     0x800'c2f9    0x28  Code  Gb  stm32l4xx_ll_sdmmc.o [1]
SDMMC_CmdOperCond        0x800'c321    0x30  Code  Gb  stm32l4xx_ll_sdmmc.o [1]
SDMMC_CmdReadMultiBlock
                         0x800'c1fd    0x32  Code  Gb  stm32l4xx_ll_sdmmc.o [1]
SDMMC_CmdReadSingleBlock
                         0x800'c1cb    0x32  Code  Gb  stm32l4xx_ll_sdmmc.o [1]
SDMMC_CmdSelDesel        0x800'c2c7    0x32  Code  Gb  stm32l4xx_ll_sdmmc.o [1]
SDMMC_CmdSendCID         0x800'c41b    0x2e  Code  Gb  stm32l4xx_ll_sdmmc.o [1]
SDMMC_CmdSendCSD         0x800'c449    0x2c  Code  Gb  stm32l4xx_ll_sdmmc.o [1]
SDMMC_CmdSendSCR         0x800'c3e7    0x34  Code  Gb  stm32l4xx_ll_sdmmc.o [1]
SDMMC_CmdSendStatus      0x800'c4a9    0x32  Code  Gb  stm32l4xx_ll_sdmmc.o [1]
SDMMC_CmdSetRelAdd       0x800'c475    0x34  Code  Gb  stm32l4xx_ll_sdmmc.o [1]
SDMMC_CmdStopTransfer    0x800'c293    0x34  Code  Gb  stm32l4xx_ll_sdmmc.o [1]
SDMMC_CmdWriteMultiBlock
                         0x800'c261    0x32  Code  Gb  stm32l4xx_ll_sdmmc.o [1]
SDMMC_CmdWriteSingleBlock
                         0x800'c22f    0x32  Code  Gb  stm32l4xx_ll_sdmmc.o [1]
SDMMC_ConfigData         0x800'c175    0x24  Code  Gb  stm32l4xx_ll_sdmmc.o [1]
SDMMC_GetCmdError        0x800'c4db    0x32  Code  Lc  stm32l4xx_ll_sdmmc.o [1]
SDMMC_GetCmdResp1        0x800'c50d   0x11e  Code  Lc  stm32l4xx_ll_sdmmc.o [1]
SDMMC_GetCmdResp2        0x800'c62b    0x50  Code  Lc  stm32l4xx_ll_sdmmc.o [1]
SDMMC_GetCmdResp3        0x800'c67b    0x42  Code  Lc  stm32l4xx_ll_sdmmc.o [1]
SDMMC_GetCmdResp6        0x800'c6bd    0x8e  Code  Lc  stm32l4xx_ll_sdmmc.o [1]
SDMMC_GetCmdResp7        0x800'c74b    0x46  Code  Lc  stm32l4xx_ll_sdmmc.o [1]
SDMMC_GetCommandResponse
                         0x800'c15b     0x6  Code  Gb  stm32l4xx_ll_sdmmc.o [1]
SDMMC_GetPowerState      0x800'c12f     0x8  Code  Gb  stm32l4xx_ll_sdmmc.o [1]
SDMMC_GetResponse        0x800'c161    0x14  Code  Gb  stm32l4xx_ll_sdmmc.o [1]
SDMMC_Init               0x800'c0ed    0x2a  Code  Gb  stm32l4xx_ll_sdmmc.o [1]
SDMMC_PowerState_ON      0x800'c127     0x8  Code  Gb  stm32l4xx_ll_sdmmc.o [1]
SDMMC_ReadFIFO           0x800'c117     0x6  Code  Gb  stm32l4xx_ll_sdmmc.o [1]
SDMMC_SendCommand        0x800'c137    0x24  Code  Gb  stm32l4xx_ll_sdmmc.o [1]
SDMMC_WriteFIFO          0x800'c11d     0xa  Code  Gb  stm32l4xx_ll_sdmmc.o [1]
SD_DMARxAbort            0x800'bcd1    0x5a  Code  Lc  stm32l4xx_hal_sd.o [1]
SD_DMATxAbort            0x800'bc75    0x5a  Code  Lc  stm32l4xx_hal_sd.o [1]
SD_Driver                0x800'ce80    0x14  Data  Gb  sd_diskio.o [1]
SD_FindSCR               0x800'bfa3   0x100  Code  Lc  stm32l4xx_hal_sd.o [1]
SD_InitCard              0x800'bd2b    0xe6  Code  Lc  stm32l4xx_hal_sd.o [1]
SD_Path                 0x2000'0bcc     0x4  Data  Gb  fatfs.o [1]
SD_PowerON               0x800'be11    0xc0  Code  Lc  stm32l4xx_hal_sd.o [1]
SD_Read_IT               0x800'c0a3    0x24  Code  Lc  stm32l4xx_hal_sd.o [1]
SD_SendStatus            0x800'bed1    0x2a  Code  Lc  stm32l4xx_hal_sd.o [1]
SD_WideBus_Disable       0x800'bf4f    0x54  Code  Lc  stm32l4xx_hal_sd.o [1]
SD_WideBus_Enable        0x800'befb    0x54  Code  Lc  stm32l4xx_hal_sd.o [1]
SD_Write_IT              0x800'c0c7    0x24  Code  Lc  stm32l4xx_hal_sd.o [1]
SD_initialize            0x800'caa9    0x1c  Code  Gb  sd_diskio.o [1]
SD_ioctl                 0x800'cb41    0x52  Code  Gb  sd_diskio.o [1]
SD_read                  0x800'cae1    0x30  Code  Gb  sd_diskio.o [1]
SD_status                0x800'cac5    0x1c  Code  Gb  sd_diskio.o [1]
SD_write                 0x800'cb11    0x30  Code  Gb  sd_diskio.o [1]
SPI_EndRxTxTransaction   0x800'43a9    0x68  Code  Lc  stm32l4xx_hal_spi.o [1]
SPI_WaitFifoStateUntilTimeout
                         0x800'4309    0xa0  Code  Lc  stm32l4xx_hal_spi.o [1]
SPI_WaitFlagStateUntilTimeout
                         0x800'4273    0x96  Code  Lc  stm32l4xx_hal_spi.o [1]
SVC_Handler              0x800'ccf7     0x2  Code  Gb  stm32l4xx_it.o [1]
Stat                    0x2000'0098     0x1  Data  Lc  sd_diskio.o [1]
SysTick_Config           0x800'7f49    0x28  Code  Lc  stm32l4xx_hal_cortex.o [1]
SysTick_Handler          0x800'ccfd     0xe  Code  Gb  stm32l4xx_it.o [1]
SystemClock_Config       0x800'5ba1   0x128  Code  Gb  main.o [1]
SystemCoreClock         0x2000'0014     0x4  Data  Gb  system_stm32l4xx.o [1]
SystemInit               0x800'cc61    0x3c  Code  Gb  system_stm32l4xx.o [1]
TIM_Base_SetConfig       0x800'3b9d    0xbe  Code  Gb  stm32l4xx_hal_tim.o [1]
TIM_CCxChannelCmd        0x800'3f95    0x1a  Code  Gb  stm32l4xx_hal_tim.o [1]
TIM_ETR_SetConfig        0x800'3f7f    0x16  Code  Gb  stm32l4xx_hal_tim.o [1]
TIM_ITRx_SetConfig       0x800'3f6f    0x10  Code  Lc  stm32l4xx_hal_tim.o [1]
TIM_OC1_SetConfig        0x800'3c5b    0x94  Code  Lc  stm32l4xx_hal_tim.o [1]
TIM_OC2_SetConfig        0x800'3cef    0x78  Code  Gb  stm32l4xx_hal_tim.o [1]
TIM_OC3_SetConfig        0x800'3d67    0x74  Code  Lc  stm32l4xx_hal_tim.o [1]
TIM_OC4_SetConfig        0x800'3ddb    0x5a  Code  Lc  stm32l4xx_hal_tim.o [1]
TIM_OC5_SetConfig        0x800'3e35    0x58  Code  Lc  stm32l4xx_hal_tim.o [1]
TIM_OC6_SetConfig        0x800'3e8d    0x5a  Code  Lc  stm32l4xx_hal_tim.o [1]
TIM_TI1_ConfigInputStage
                         0x800'3f25    0x24  Code  Lc  stm32l4xx_hal_tim.o [1]
TIM_TI2_ConfigInputStage
                         0x800'3f49    0x26  Code  Lc  stm32l4xx_hal_tim.o [1]
Timer_Buttons           0x2000'0bbc     0x4  Data  Gb  button.o [1]
Timer_LCD_Blink         0x2000'0b0c     0x4  Data  Gb  lcd.o [1]
Timer_LCD_Scroll        0x2000'0b10     0x4  Data  Gb  lcd.o [1]
UART4_IRQHandler         0x800'cd29     0x6  Code  Gb  stm32l4xx_it.o [1]
UART_AdvFeatureConfig    0x800'aba9    0xc8  Code  Gb  stm32l4xx_hal_uart.o [1]
UART_CheckIdleState      0x800'ac71    0x62  Code  Gb  stm32l4xx_hal_uart.o [1]
UART_DMAAbortOnError     0x800'ad59    0x10  Code  Lc  stm32l4xx_hal_uart.o [1]
UART_EndRxTransfer       0x800'ad39    0x1c  Code  Lc  stm32l4xx_hal_uart.o [1]
UART_EndTransmit_IT      0x800'adcd    0x1a  Code  Lc  stm32l4xx_hal_uart.o [1]
UART_Receive_IT          0x800'ade7    0x74  Code  Lc  stm32l4xx_hal_uart.o [1]
UART_SetConfig           0x800'a87d   0x2fa  Code  Gb  stm32l4xx_hal_uart.o [1]
UART_Transmit_IT         0x800'ad69    0x64  Code  Lc  stm32l4xx_hal_uart.o [1]
UART_WaitOnFlagUntilTimeout
                         0x800'acd3    0x66  Code  Gb  stm32l4xx_hal_uart.o [1]
USART1_IRQHandler        0x800'cd11     0x6  Code  Gb  stm32l4xx_it.o [1]
USART2_IRQHandler        0x800'cd17     0x6  Code  Gb  stm32l4xx_it.o [1]
USART3_IRQHandler        0x800'cd1d     0x6  Code  Gb  stm32l4xx_it.o [1]
Ui_Sleep                0x2000'0be4     0x4  Data  Gb  ui.o [1]
Ui_State                0x2000'0be1     0x1  Data  Gb  ui.o [1]
Ui_Timer                0x2000'0be2     0x1  Data  Gb  ui.o [1]
Ui_User_Login           0x2000'0a48     0x1  Data  Gb  ui.o [1]
UsageFault_Handler       0x800'ccf5     0x2  Code  Gb  stm32l4xx_it.o [1]
User_Logged_In          0x2000'0be0     0x1  Data  Gb  ui.o [1]
Weather_State           0x2000'0b70     0x1  Data  Gb  weather.o [1]
Weather_Timer           0x2000'0b80     0x4  Data  Gb  weather.o [1]
_Encoding_8859_1_Mbrlen
                         0x800'3fc1     0x2  Code  Gb  xencoding_8859_1.o [2]
_Encoding_8859_1_Wctomb
                         0x800'3faf    0x12  Code  Gb  xencoding_8859_1.o [2]
_Error_Handler           0x800'5d4b     0x2  Code  Gb  main.o [1]
_GenldFull               0x800'5311   0x274  Code  Lc  xprintffull.o [2]
_LdtobFull               0x800'4ee5   0x400  Code  Lc  xprintffull.o [2]
_LitobFull               0x800'4d8d   0x112  Code  Lc  xprintffull.o [2]
_Locale_lconv           0x2000'0018    0x38  Data  Lc  xlocale_c.o [2]
_PrintfFull              0x800'46bd   0x1aa  Code  Gb  xprintffull.o [2]
_PutcharsFull            0x800'5585    0x2e  Code  Lc  xprintffull.o [2]
_PutfldFull              0x800'48f9   0x2d8  Code  Lc  xprintffull.o [2]
_PutstrFull              0x800'4cc7    0xc6  Code  Lc  xprintffull.o [2]
_PuttxtFull              0x800'4bd1    0xf6  Code  Lc  xprintffull.o [2]
_SProut                  0x800'5637     0xa  Code  Gb  xsprout.o [2]
__aeabi_cdcmple          0x800'6841          Code  Gb  DblCmpLe.o [3]
__aeabi_cdrcmple         0x800'6871          Code  Gb  DblCmpGe.o [3]
__aeabi_d2f              0x800'78ad          Code  Gb  DblToFlt.o [3]
__aeabi_d2iz             0x800'69dd          Code  Gb  DblToS32.o [3]
__aeabi_d2uiz            0x800'6d69          Code  Gb  DblToU32.o [3]
__aeabi_ddiv             0x800'6b21          Code  Gb  DblDiv.o [3]
__aeabi_dmul             0x800'662d          Code  Gb  DblMul.o [3]
__aeabi_dsub             0x800'6a3d          Code  Gb  DblSub.o [3]
__aeabi_f2d              0x800'26a9          Code  Gb  FltToDbl.o [3]
__aeabi_i2d              0x800'6a19          Code  Gb  S32ToDbl.o [3]
__aeabi_ldiv0            0x800'a1c5          Code  Gb  I64DivZer.o [4]
__aeabi_memclr4          0x800'6dad          Code  Gb  ABImemclr4.o [4]
__aeabi_memcpy           0x800'2d29          Code  Gb  ABImemcpy.o [4]
__aeabi_memcpy4          0x800'2d49          Code  Gb  ABImemcpy.o [4]
__aeabi_memcpy8          0x800'2d49          Code  Gb  ABImemcpy.o [4]
__aeabi_ui2d             0x800'6d91          Code  Gb  U32ToDbl.o [3]
__aeabi_uldivmod         0x800'63fd          Code  Gb  I64DivMod.o [4]
__cmain                  0x800'ce4d          Code  Gb  cmain.o [4]
__exit                   0x800'b2fd    0x14  Code  Gb  exit.o [5]
__iar_Fail_s             0x800'6321    0x1c  Code  Gb  xfail_s.o [2]
__iar_Mbcurmax           0x800'63f1     0xa  Code  Gb  xmbcurmax.o [2]
__iar_Memchr             0x800'6399          Code  Gb  memchr.o [4]
__iar_Memset4_word       0x800'a335          Code  Gb  ABImemset48.o [4]
__iar_Memset8_word       0x800'a335          Code  Gb  ABImemset48.o [4]
__iar_Strchr             0x800'6309          Code  Gb  strchr.o [4]
__iar_dadd               0x800'6a4d          Code  Gb  DblSub.o [3]
__iar_data_init3         0x800'cde1    0x28  Code  Gb  data_init.o [4]
__iar_dsub               0x800'a1c9          Code  Gb  DblAdd.o [3]
__iar_dsubStart          0x800'a1db          Code  Gb  DblAdd.o [3]
__iar_frexp              0x800'67dd          Code  Gb  frexp.o [3]
__iar_frexpl             0x800'67dd          Code  Gb  frexp.o [3]
__iar_globLocale        0x2000'0050    0x48  Data  Lc  xlocale_c.o [2]
__iar_global_Locale      0x800'6291     0x4  Code  Gb  xlocale_c.o [2]
__iar_init_vfp           0x800'ce09          Code  Gb  fpinit_M.o [3]
__iar_ldexp64            0x800'68a1          Code  Gb  ldexp.o [3]
__iar_lz77_init_single3
                         0x800'2dcf    0x7a  Code  Gb  lz77_init_single.o [4]
__iar_program_start      0x800'cea5          Code  Gb  cstartup_M.o [4]
__iar_scalbln64          0x800'68a1          Code  Gb  ldexp.o [3]
__iar_scalbn64           0x800'68a1          Code  Gb  ldexp.o [3]
__iar_softfp___iar_frexp64
                         0x800'67d1          Code  Gb  frexp.o [3]
__iar_softfp_frexp       0x800'67d1          Code  Gb  frexp.o [3]
__iar_softfp_frexpl      0x800'67d1          Code  Gb  frexp.o [3]
__iar_zero_init3         0x800'355b    0x3a  Code  Gb  zero_init3.o [4]
__low_level_init         0x800'ce6b     0x4  Code  Gb  low_level_init.o [2]
__vector_table           0x800'0000          Data  Gb  startup_stm32l476xx.o [1]
_call_main               0x800'ce59          Code  Gb  cmain.o [4]
_exit                    0x800'ce75          Code  Gb  cexit.o [4]
_gLocale_mblen           0x800'62f5     0x4  Code  Gb  xlocale_c.o [2]
_gLocale_mblenInt        0x800'62b9    0x2c  Code  Gb  xlocale_c.o [2]
_gLocale_wctomb          0x800'62f9     0x4  Code  Gb  xlocale_c.o [2]
_gLocale_wctombInt       0x800'62f1     0x4  Code  Gb  xlocale_c.o [2]
_get_page                0x800'465d    0x4e  Code  Lc  api_flash.o [1]
_main                    0x800'ce67          Code  Gb  cmain.o [4]
_rtc_dow                 0x800'5a5d    0x48  Code  Gb  api_rtc.o [1]
_rtc_dow::_dow_table     0x800'5aa4     0xc  Data  Lc  api_rtc.o [1]
abort                    0x800'a1bd     0x6  Code  Gb  abort.o [2]
adc_done                 0x800'564b    0x12  Code  Gb  adc_sample.o [1]
adc_new_sample           0x800'5641     0xa  Code  Gb  adc_sample.o [1]
adc_select_channel       0x800'57f9    0x32  Code  Gb  adc_sample.o [1]
adc_task                 0x800'565d   0x19a  Code  Gb  adc_sample.o [1]
adc_task::sol_temp      0x2000'0010     0x4  Data  Lc  adc_sample.o [1]
add_days                 0x800'2cb1    0x50  Code  Gb  datetime.o [1]
bin_16_a_bcd_5           0x800'2e49    0xa2  Code  Gb  utils.o [1]
bin_to_bcd               0x800'2feb    0x36  Code  Gb  utils.o [1]
binary_to_ascii          0x800'2eeb   0x100  Code  Gb  utils.o [1]
blink_ptr               0x2000'0b14     0x4  Data  Gb  lcd.o [1]
blink_size              0x2000'0b06     0x1  Data  Gb  lcd.o [1]
blink_x                 0x2000'0b04     0x1  Data  Gb  lcd.o [1]
blink_y                 0x2000'0b05     0x1  Data  Gb  lcd.o [1]
buttons_current         0x2000'0bb8     0x1  Data  Gb  button.o [1]
buttons_past            0x2000'0bb9     0x1  Data  Gb  button.o [1]
buttons_task             0x800'3081    0x1c  Code  Gb  button.o [1]
buttons_task::button_tickstart
                        0x2000'0be8     0x4  Data  Lc  button.o [1]
check_fs                 0x800'8c7f    0x6e  Code  Lc  ff.o [1]
clear_buttons            0x800'3021    0x4c  Code  Gb  button.o [1]
clear_lock               0x800'8b71    0x22  Code  Lc  ff.o [1]
clock_to_ascii           0x800'2c31    0x34  Code  Gb  datetime.o [1]
clock_to_ascii::sep      0x800'2d20     0x8  Data  Lc  datetime.o [1]
close_water_tap          0x800'2771     0x2  Code  Gb  irrigation.o [1]
config_flash             0x807'f800   0x180  Data  Gb  config_flash.o [1]
config_max               0x800'c92c   0x17c  Data  Gb  config_flash.o [1]
config_min               0x800'c7b0   0x17c  Data  Gb  config_flash.o [1]
coord_x                 0x2000'0bf8     0x1  Data  Gb  lcd.o [1]
coord_y                 0x2000'0bf9     0x1  Data  Gb  lcd.o [1]
date_range_max           0x800'2d18     0x8  Data  Gb  datetime.o [1]
date_range_min           0x800'2d10     0x8  Data  Gb  datetime.o [1]
days_per_month           0x800'2d00    0x10  Data  Gb  datetime.o [1]
dec_flash                0x800'250b    0x24  Code  Gb  config_flash.o [1]
delay                    0x800'b295    0x14  Code  Gb  api_dht11.o [1]
di                      0x2000'0bac     0x8  Data  Gb  di.o [1]
di_task                  0x800'9229   0x166  Code  Gb  di.o [1]
di_task::di_tickstart   0x2000'0bb6     0x1  Data  Lc  di.o [1]
disk                    0x2000'0b94     0xc  Data  Gb  ff_gen_drv.o [1]
disk_initialize          0x800'b11b    0x20  Code  Gb  diskio.o [1]
disk_read                0x800'b13b    0x16  Code  Gb  diskio.o [1]
disk_status              0x800'b109    0x12  Code  Gb  diskio.o [1]
disk_write               0x800'b151    0x16  Code  Gb  diskio.o [1]
ec                      0x2000'0008     0x4  Data  Gb  adc_sample.o [1]
exit                     0x800'ce6f     0x4  Code  Gb  exit.o [2]
f_mount                  0x800'900d    0x5e  Code  Gb  ff.o [1]
filter_chars_dec         0x800'1461    0x2c  Code  Gb  ui.o [1]
filter_chars_inc         0x800'1435    0x2c  Code  Gb  ui.o [1]
final_day                0x800'2731    0x3e  Code  Gb  irrigation.o [1]
find_volume              0x800'8ced   0x320  Code  Lc  ff.o [1]
finish_sampling          0x800'583f    0x2a  Code  Gb  adc_sample.o [1]
flash_copy              0x2000'049c   0x17c  Data  Gb  config_flash.o [1]
flash_erase              0x800'44d1   0x166  Code  Gb  api_flash.o [1]
flash_read               0x800'4637     0x4  Code  Gb  api_flash.o [1]
flash_verify             0x800'463b    0x22  Code  Gb  api_flash.o [1]
flash_write              0x800'4411    0xc0  Code  Gb  api_flash.o [1]
get_flash                0x800'252f    0x56  Code  Gb  config_flash.o [1]
get_ldnumber             0x800'8c37    0x48  Code  Lc  ff.o [1]
get_max_day              0x800'2c65    0x1a  Code  Gb  datetime.o [1]
hadc1                   0x2000'095c    0x68  Data  Gb  adc.o [1]
hdac1                   0x2000'0b5c    0x14  Data  Gb  dac.o [1]
hdma_sdmmc1_rx          0x2000'0618    0x48  Data  Gb  sdmmc.o [1]
hdma_sdmmc1_tx          0x2000'0660    0x48  Data  Gb  sdmmc.o [1]
hiwdg                   0x2000'0b84    0x10  Data  Gb  iwdg.o [1]
hlpuart1                0x2000'072c    0x70  Data  Gb  usart.o [1]
hrtc                    0x2000'0ae0    0x24  Data  Gb  rtc.o [1]
hsd1                    0x2000'06a8    0x84  Data  Gb  sdmmc.o [1]
hspi1                   0x2000'09c4    0x64  Data  Gb  spi.o [1]
htim1                   0x2000'0a68    0x3c  Data  Gb  tim.o [1]
htim2                   0x2000'0aa4    0x3c  Data  Gb  tim.o [1]
huart1                  0x2000'080c    0x70  Data  Gb  usart.o [1]
huart2                  0x2000'087c    0x70  Data  Gb  usart.o [1]
huart3                  0x2000'08ec    0x70  Data  Gb  usart.o [1]
huart4                  0x2000'079c    0x70  Data  Gb  usart.o [1]
humidity                0x2000'0b73     0x1  Data  Gb  weather.o [1]
inc_buttons_fast         0x800'306d    0x14  Code  Gb  button.o [1]
inc_flash                0x800'24e7    0x24  Code  Gb  config_flash.o [1]
irrigation_1s_tick       0x800'2827    0x18  Code  Gb  irrigation.o [1]
irrigation_status        0x800'27b5    0x72  Code  Gb  irrigation.o [1]
irrigation_task          0x800'2841   0x322  Code  Gb  irrigation.o [1]
irrigation_task::aux_substance
                        0x2000'0ba2     0x1  Data  Lc  irrigation.o [1]
iwdg_refresh             0x800'84c1    0x10  Code  Gb  iwdg.o [1]
ldexp                    0x800'68a1          Code  Gb  ldexp.o [3]
ldexpl                   0x800'68a1          Code  Gb  ldexp.o [3]
localeconv               0x800'62fd     0x4  Code  Gb  xlocale_c.o [2]
main                     0x800'5abd    0xe2  Code  Gb  main.o [1]
master_pass              0x800'1428     0x8  Data  Gb  ui.o [1]
memchr                   0x800'6399          Code  Gb  memchr.o [4]
mixer                    0x800'2793    0x20  Code  Gb  irrigation.o [1]
move_window              0x800'8bfd    0x3a  Code  Lc  ff.o [1]
open_water_tap           0x800'276f     0x2  Code  Gb  irrigation.o [1]
operate_tank             0x800'2773    0x20  Code  Gb  irrigation.o [1]
pFlash                  0x2000'0b24    0x20  Data  Gb  stm32l4xx_hal_flash.o [1]
ph                      0x2000'0004     0x4  Data  Gb  adc_sample.o [1]
process_buttons          0x800'309d    0x70  Code  Gb  button.o [1]
rail                     0x800'27b3     0x2  Code  Gb  irrigation.o [1]
read_flash               0x800'24b9     0x8  Code  Gb  config_flash.o [1]
refresh_global_datetime
                         0x800'2bfb    0x30  Code  Gb  datetime.o [1]
retSD                   0x2000'0bc8     0x1  Data  Gb  fatfs.o [1]
rtc_disable_wakeup       0x800'5a3f    0x1a  Code  Gb  api_rtc.o [1]
rtc_enable_wakeup        0x800'5a15    0x2a  Code  Gb  api_rtc.o [1]
rtc_get_time             0x800'5959    0x4a  Code  Gb  api_rtc.o [1]
rtc_set_time             0x800'59a3    0x72  Code  Gb  api_rtc.o [1]
sample_math              0x800'5869    0x8c  Code  Gb  adc_sample.o [1]
scalbln                  0x800'68a1          Code  Gb  ldexp.o [3]
scalblnl                 0x800'68a1          Code  Gb  ldexp.o [3]
scalbn                   0x800'68a1          Code  Gb  ldexp.o [3]
scalbnl                  0x800'68a1          Code  Gb  ldexp.o [3]
scale                    0x800'4e9f    0x46  Code  Lc  xprintffull.o [2]
scroll_index            0x2000'0b18     0x4  Data  Gb  lcd.o [1]
scroll_ptr              0x2000'0b20     0x4  Data  Gb  lcd.o [1]
scroll_start            0x2000'0b1c     0x4  Data  Gb  lcd.o [1]
scroll_y                0x2000'0b07     0x1  Data  Gb  lcd.o [1]
sec_hand                0x2000'0bf4     0x4  Data  Lc  xfail_s.o [2]
set_datetime             0x800'2bc1    0x3a  Code  Gb  datetime.o [1]
set_pin_input            0x800'b2d7    0x26  Code  Gb  api_dht11.o [1]
set_pin_output           0x800'b2b1    0x26  Code  Gb  api_dht11.o [1]
sprintf                  0x800'26f1    0x40  Code  Gb  sprintf.o [2]
st7565_command           0x800'1b9f    0x1c  Code  Gb  lcd.o [1]
st7565_data              0x800'1bbb    0x24  Code  Gb  lcd.o [1]
start_sampling           0x800'582b    0x14  Code  Gb  adc_sample.o [1]
strchr                   0x800'6309          Code  Gb  strchr.o [4]
strlen                   0x800'6361          Code  Gb  strlen.o [4]
sync_window              0x800'8b99    0x64  Code  Lc  ff.o [1]
temperature             0x2000'0b72     0x1  Data  Gb  weather.o [1]
ui_1s_tick               0x800'01b3     0xe  Code  Gb  ui.o [1]
ui_init                  0x800'0189    0x16  Code  Gb  ui.o [1]
ui_task                  0x800'01c5  0x1204  Code  Gb  ui.o [1]
ui_task::Ui_Clock_Buffer
                        0x2000'0a40     0x8  Data  Lc  ui.o [1]
ui_task::Ui_Config_Ini  0x2000'0a4c     0x1  Data  Lc  ui.o [1]
ui_task::Ui_Config_Max  0x2000'0a4d     0x1  Data  Lc  ui.o [1]
ui_task::Ui_Config_Var  0x2000'0a4b     0x1  Data  Lc  ui.o [1]
ui_task::Ui_Disp_Buffer
                        0x2000'0a28    0x18  Data  Lc  ui.o [1]
ui_task::Ui_Disp_Version
                        0x2000'0a50    0x18  Data  Lc  ui.o [1]
ui_task::Ui_Index       0x2000'0a49     0x1  Data  Lc  ui.o [1]
ui_task::Ui_Menu_Index  0x2000'0a4a     0x1  Data  Lc  ui.o [1]
ui_task::id_offset      0x2000'0a4e     0x1  Data  Lc  ui.o [1]
ui_wake                  0x800'019f    0x14  Code  Gb  ui.o [1]
update_flash             0x800'25e7    0xa4  Code  Gb  config_flash.o [1]
update_flash_safe        0x800'2585    0x62  Code  Gb  config_flash.o [1]
user_pass_id_0           0x800'1430     0x4  Data  Gb  ui.o [1]
uwTick                  0x2000'0bf0     0x4  Data  Gb  stm32l4xx_hal.o [1]
validate_clock           0x800'2c81    0x30  Code  Gb  datetime.o [1]
vdd                     0x2000'000c     0x4  Data  Gb  adc_sample.o [1]
weather_1s_tick          0x800'907d     0xe  Code  Gb  weather.o [1]
weather_task             0x800'908d   0x196  Code  Gb  weather.o [1]
weather_task::rh        0x2000'0b7c     0x4  Data  Lc  weather.o [1]
weather_task::sample    0x2000'0b74     0x1  Data  Lc  weather.o [1]
weather_task::temp      0x2000'0b78     0x4  Data  Lc  weather.o [1]
write_flash              0x800'24c1    0x26  Code  Gb  config_flash.o [1]


[1] = C:\Users\Nahuel\Desktop\Lucia\Hidroponia\Hidro_v1.2\EWARM\HIDRO_v1.1\Obj
[2] = dl7M_tlf.a
[3] = m7M_tls.a
[4] = rt7M_tl.a
[5] = shb_l.a

  52 276 bytes of readonly  code memory
     999 bytes of readonly  data memory (+ 384 absolute)
   5 111 bytes of readwrite data memory

Errors: none
Warnings: none
