###############################################################################
#
# IAR ELF Linker V8.30.1.114/W32 for ARM                  22/Jul/2021  12:20:49
# Copyright 2007-2018 IAR Systems AB.
#
#    Output file  =  
#        C:\Users\Nahuel\Desktop\Lucia\Hidroponia\Software\Hidro_v1.2\EWARM\HIDRO_v1.1\Exe\HIDRO_v1.1.out
#    Map file     =  
#        C:\Users\Nahuel\Desktop\Lucia\Hidroponia\Software\Hidro_v1.2\EWARM\HIDRO_v1.1\List\HIDRO_v1.1.map
#    Command line =  
#        -f C:\Users\Nahuel\AppData\Local\Temp\EW791B.tmp
#        (C:\Users\Nahuel\Desktop\Lucia\Hidroponia\Software\Hidro_v1.2\EWARM\HIDRO_v1.1\Obj\adc.o
#        C:\Users\Nahuel\Desktop\Lucia\Hidroponia\Software\Hidro_v1.2\EWARM\HIDRO_v1.1\Obj\adc_sample.o
#        C:\Users\Nahuel\Desktop\Lucia\Hidroponia\Software\Hidro_v1.2\EWARM\HIDRO_v1.1\Obj\api_dht11.o
#        C:\Users\Nahuel\Desktop\Lucia\Hidroponia\Software\Hidro_v1.2\EWARM\HIDRO_v1.1\Obj\api_flash.o
#        C:\Users\Nahuel\Desktop\Lucia\Hidroponia\Software\Hidro_v1.2\EWARM\HIDRO_v1.1\Obj\api_rtc.o
#        C:\Users\Nahuel\Desktop\Lucia\Hidroponia\Software\Hidro_v1.2\EWARM\HIDRO_v1.1\Obj\bsp_driver_sd.o
#        C:\Users\Nahuel\Desktop\Lucia\Hidroponia\Software\Hidro_v1.2\EWARM\HIDRO_v1.1\Obj\button.o
#        C:\Users\Nahuel\Desktop\Lucia\Hidroponia\Software\Hidro_v1.2\EWARM\HIDRO_v1.1\Obj\config_flash.o
#        C:\Users\Nahuel\Desktop\Lucia\Hidroponia\Software\Hidro_v1.2\EWARM\HIDRO_v1.1\Obj\dac.o
#        C:\Users\Nahuel\Desktop\Lucia\Hidroponia\Software\Hidro_v1.2\EWARM\HIDRO_v1.1\Obj\datetime.o
#        C:\Users\Nahuel\Desktop\Lucia\Hidroponia\Software\Hidro_v1.2\EWARM\HIDRO_v1.1\Obj\di.o
#        C:\Users\Nahuel\Desktop\Lucia\Hidroponia\Software\Hidro_v1.2\EWARM\HIDRO_v1.1\Obj\diskio.o
#        C:\Users\Nahuel\Desktop\Lucia\Hidroponia\Software\Hidro_v1.2\EWARM\HIDRO_v1.1\Obj\dma.o
#        C:\Users\Nahuel\Desktop\Lucia\Hidroponia\Software\Hidro_v1.2\EWARM\HIDRO_v1.1\Obj\fatfs.o
#        C:\Users\Nahuel\Desktop\Lucia\Hidroponia\Software\Hidro_v1.2\EWARM\HIDRO_v1.1\Obj\fatfs_platform.o
#        C:\Users\Nahuel\Desktop\Lucia\Hidroponia\Software\Hidro_v1.2\EWARM\HIDRO_v1.1\Obj\ff.o
#        C:\Users\Nahuel\Desktop\Lucia\Hidroponia\Software\Hidro_v1.2\EWARM\HIDRO_v1.1\Obj\ff_gen_drv.o
#        C:\Users\Nahuel\Desktop\Lucia\Hidroponia\Software\Hidro_v1.2\EWARM\HIDRO_v1.1\Obj\gpio.o
#        C:\Users\Nahuel\Desktop\Lucia\Hidroponia\Software\Hidro_v1.2\EWARM\HIDRO_v1.1\Obj\irrigation.o
#        C:\Users\Nahuel\Desktop\Lucia\Hidroponia\Software\Hidro_v1.2\EWARM\HIDRO_v1.1\Obj\iwdg.o
#        C:\Users\Nahuel\Desktop\Lucia\Hidroponia\Software\Hidro_v1.2\EWARM\HIDRO_v1.1\Obj\lcd.o
#        C:\Users\Nahuel\Desktop\Lucia\Hidroponia\Software\Hidro_v1.2\EWARM\HIDRO_v1.1\Obj\main.o
#        C:\Users\Nahuel\Desktop\Lucia\Hidroponia\Software\Hidro_v1.2\EWARM\HIDRO_v1.1\Obj\rtc.o
#        C:\Users\Nahuel\Desktop\Lucia\Hidroponia\Software\Hidro_v1.2\EWARM\HIDRO_v1.1\Obj\sd_diskio.o
#        C:\Users\Nahuel\Desktop\Lucia\Hidroponia\Software\Hidro_v1.2\EWARM\HIDRO_v1.1\Obj\sdmmc.o
#        C:\Users\Nahuel\Desktop\Lucia\Hidroponia\Software\Hidro_v1.2\EWARM\HIDRO_v1.1\Obj\spi.o
#        C:\Users\Nahuel\Desktop\Lucia\Hidroponia\Software\Hidro_v1.2\EWARM\HIDRO_v1.1\Obj\startup_stm32l476xx.o
#        C:\Users\Nahuel\Desktop\Lucia\Hidroponia\Software\Hidro_v1.2\EWARM\HIDRO_v1.1\Obj\stm32l4xx_hal.o
#        C:\Users\Nahuel\Desktop\Lucia\Hidroponia\Software\Hidro_v1.2\EWARM\HIDRO_v1.1\Obj\stm32l4xx_hal_adc.o
#        C:\Users\Nahuel\Desktop\Lucia\Hidroponia\Software\Hidro_v1.2\EWARM\HIDRO_v1.1\Obj\stm32l4xx_hal_adc_ex.o
#        C:\Users\Nahuel\Desktop\Lucia\Hidroponia\Software\Hidro_v1.2\EWARM\HIDRO_v1.1\Obj\stm32l4xx_hal_cortex.o
#        C:\Users\Nahuel\Desktop\Lucia\Hidroponia\Software\Hidro_v1.2\EWARM\HIDRO_v1.1\Obj\stm32l4xx_hal_dac.o
#        C:\Users\Nahuel\Desktop\Lucia\Hidroponia\Software\Hidro_v1.2\EWARM\HIDRO_v1.1\Obj\stm32l4xx_hal_dac_ex.o
#        C:\Users\Nahuel\Desktop\Lucia\Hidroponia\Software\Hidro_v1.2\EWARM\HIDRO_v1.1\Obj\stm32l4xx_hal_dma.o
#        C:\Users\Nahuel\Desktop\Lucia\Hidroponia\Software\Hidro_v1.2\EWARM\HIDRO_v1.1\Obj\stm32l4xx_hal_dma_ex.o
#        C:\Users\Nahuel\Desktop\Lucia\Hidroponia\Software\Hidro_v1.2\EWARM\HIDRO_v1.1\Obj\stm32l4xx_hal_exti.o
#        C:\Users\Nahuel\Desktop\Lucia\Hidroponia\Software\Hidro_v1.2\EWARM\HIDRO_v1.1\Obj\stm32l4xx_hal_flash.o
#        C:\Users\Nahuel\Desktop\Lucia\Hidroponia\Software\Hidro_v1.2\EWARM\HIDRO_v1.1\Obj\stm32l4xx_hal_flash_ex.o
#        C:\Users\Nahuel\Desktop\Lucia\Hidroponia\Software\Hidro_v1.2\EWARM\HIDRO_v1.1\Obj\stm32l4xx_hal_flash_ramfunc.o
#        C:\Users\Nahuel\Desktop\Lucia\Hidroponia\Software\Hidro_v1.2\EWARM\HIDRO_v1.1\Obj\stm32l4xx_hal_gpio.o
#        C:\Users\Nahuel\Desktop\Lucia\Hidroponia\Software\Hidro_v1.2\EWARM\HIDRO_v1.1\Obj\stm32l4xx_hal_i2c.o
#        C:\Users\Nahuel\Desktop\Lucia\Hidroponia\Software\Hidro_v1.2\EWARM\HIDRO_v1.1\Obj\stm32l4xx_hal_i2c_ex.o
#        C:\Users\Nahuel\Desktop\Lucia\Hidroponia\Software\Hidro_v1.2\EWARM\HIDRO_v1.1\Obj\stm32l4xx_hal_iwdg.o
#        C:\Users\Nahuel\Desktop\Lucia\Hidroponia\Software\Hidro_v1.2\EWARM\HIDRO_v1.1\Obj\stm32l4xx_hal_msp.o
#        C:\Users\Nahuel\Desktop\Lucia\Hidroponia\Software\Hidro_v1.2\EWARM\HIDRO_v1.1\Obj\stm32l4xx_hal_pwr.o
#        C:\Users\Nahuel\Desktop\Lucia\Hidroponia\Software\Hidro_v1.2\EWARM\HIDRO_v1.1\Obj\stm32l4xx_hal_pwr_ex.o
#        C:\Users\Nahuel\Desktop\Lucia\Hidroponia\Software\Hidro_v1.2\EWARM\HIDRO_v1.1\Obj\stm32l4xx_hal_rcc.o
#        C:\Users\Nahuel\Desktop\Lucia\Hidroponia\Software\Hidro_v1.2\EWARM\HIDRO_v1.1\Obj\stm32l4xx_hal_rcc_ex.o
#        C:\Users\Nahuel\Desktop\Lucia\Hidroponia\Software\Hidro_v1.2\EWARM\HIDRO_v1.1\Obj\stm32l4xx_hal_rtc.o
#        C:\Users\Nahuel\Desktop\Lucia\Hidroponia\Software\Hidro_v1.2\EWARM\HIDRO_v1.1\Obj\stm32l4xx_hal_rtc_ex.o
#        C:\Users\Nahuel\Desktop\Lucia\Hidroponia\Software\Hidro_v1.2\EWARM\HIDRO_v1.1\Obj\stm32l4xx_hal_sd.o
#        C:\Users\Nahuel\Desktop\Lucia\Hidroponia\Software\Hidro_v1.2\EWARM\HIDRO_v1.1\Obj\stm32l4xx_hal_sd_ex.o
#        C:\Users\Nahuel\Desktop\Lucia\Hidroponia\Software\Hidro_v1.2\EWARM\HIDRO_v1.1\Obj\stm32l4xx_hal_spi.o
#        C:\Users\Nahuel\Desktop\Lucia\Hidroponia\Software\Hidro_v1.2\EWARM\HIDRO_v1.1\Obj\stm32l4xx_hal_spi_ex.o
#        C:\Users\Nahuel\Desktop\Lucia\Hidroponia\Software\Hidro_v1.2\EWARM\HIDRO_v1.1\Obj\stm32l4xx_hal_tim.o
#        C:\Users\Nahuel\Desktop\Lucia\Hidroponia\Software\Hidro_v1.2\EWARM\HIDRO_v1.1\Obj\stm32l4xx_hal_tim_ex.o
#        C:\Users\Nahuel\Desktop\Lucia\Hidroponia\Software\Hidro_v1.2\EWARM\HIDRO_v1.1\Obj\stm32l4xx_hal_uart.o
#        C:\Users\Nahuel\Desktop\Lucia\Hidroponia\Software\Hidro_v1.2\EWARM\HIDRO_v1.1\Obj\stm32l4xx_hal_uart_ex.o
#        C:\Users\Nahuel\Desktop\Lucia\Hidroponia\Software\Hidro_v1.2\EWARM\HIDRO_v1.1\Obj\stm32l4xx_it.o
#        C:\Users\Nahuel\Desktop\Lucia\Hidroponia\Software\Hidro_v1.2\EWARM\HIDRO_v1.1\Obj\stm32l4xx_ll_sdmmc.o
#        C:\Users\Nahuel\Desktop\Lucia\Hidroponia\Software\Hidro_v1.2\EWARM\HIDRO_v1.1\Obj\syscall.o
#        C:\Users\Nahuel\Desktop\Lucia\Hidroponia\Software\Hidro_v1.2\EWARM\HIDRO_v1.1\Obj\system_stm32l4xx.o
#        C:\Users\Nahuel\Desktop\Lucia\Hidroponia\Software\Hidro_v1.2\EWARM\HIDRO_v1.1\Obj\tim.o
#        C:\Users\Nahuel\Desktop\Lucia\Hidroponia\Software\Hidro_v1.2\EWARM\HIDRO_v1.1\Obj\ui.o
#        C:\Users\Nahuel\Desktop\Lucia\Hidroponia\Software\Hidro_v1.2\EWARM\HIDRO_v1.1\Obj\usart.o
#        C:\Users\Nahuel\Desktop\Lucia\Hidroponia\Software\Hidro_v1.2\EWARM\HIDRO_v1.1\Obj\utils.o
#        C:\Users\Nahuel\Desktop\Lucia\Hidroponia\Software\Hidro_v1.2\EWARM\HIDRO_v1.1\Obj\weather.o
#        --redirect _Printf=_PrintfFull --redirect _Scanf=_ScanfFull
#        --no_out_extension -o
#        C:\Users\Nahuel\Desktop\Lucia\Hidroponia\Software\Hidro_v1.2\EWARM\HIDRO_v1.1\Exe\HIDRO_v1.1.out
#        --map
#        C:\Users\Nahuel\Desktop\Lucia\Hidroponia\Software\Hidro_v1.2\EWARM\HIDRO_v1.1\List\HIDRO_v1.1.map
#        --config
#        C:\Users\Nahuel\Desktop\Lucia\Hidroponia\Software\Hidro_v1.2\EWARM/stm32l476xx_flash.icf
#        --semihosting --entry __iar_program_start --vfe --text_out locale)
#
###############################################################################

*******************************************************************************
*** RUNTIME MODEL ATTRIBUTES
***

CppFlavor       = *
__SystemLibrary = DLib
__dlib_version  = 6


*******************************************************************************
*** HEAP SELECTION
***

The basic heap was selected because no calls to memory allocation
functions were found in the application outside of system library
functions, and there are calls to deallocation functions in the
application.


*******************************************************************************
*** PLACEMENT SUMMARY
***

"A0":  place at 0x800'0000 { ro section .intvec };
"P1":  place in [from 0x800'0000 to 0x80f'ffff] { ro };
define block CSTACK with size = 2K, alignment = 8 { };
define block HEAP with size = 1K, alignment = 8 { };
"P2":  place in [from 0x2000'0000 to 0x2001'7fff] {
          rw, block CSTACK, block HEAP };
initialize by copy { rw };

  Section            Kind         Address    Size  Object
  -------            ----         -------    ----  ------
"A0":                                       0x188
  .intvec            ro code   0x800'0000   0x188  startup_stm32l476xx.o [1]
                             - 0x800'0188   0x188

"P1":                                      0xeacd
  .text              ro code   0x800'0188  0x1928  ff.o [1]
  .text              ro code   0x800'1ab0    0x7c  diskio.o [1]
  .text              ro code   0x800'1b2c    0x1c  fatfs.o [1]
  .text              ro code   0x800'1b48    0x44  ff_gen_drv.o [1]
  .text              ro code   0x800'1b8c  0x1688  ui.o [1]
  .text              ro code   0x800'3214     0xc  stm32l4xx_hal.o [1]
  .text              ro code   0x800'3220   0xc9c  lcd.o [1]
  .text              ro code   0x800'3ebc   0x1f4  config_flash.o [1]
  .text              ro code   0x800'40b0    0x48  FltToDbl.o [3]
  .text              ro code   0x800'40f8    0x40  sprintf.o [2]
  .text              ro code   0x800'4138   0x490  irrigation.o [1]
  .text              ro code   0x800'45c8   0x168  datetime.o [1]
  .text              ro code   0x800'4730    0xa6  ABImemcpy.o [4]
  .text              ro code   0x800'47d6    0x7a  lz77_init_single.o [4]
  .text              ro code   0x800'4850   0x1d8  utils.o [1]
  .text              ro code   0x800'4a28    0xfc  button.o [1]
  .text              ro code   0x800'4b24   0x328  stm32l4xx_hal_gpio.o [1]
  .text              ro code   0x800'4e4c    0xdc  spi.o [1]
  .text              ro code   0x800'4f28    0x28  stm32l4xx_hal.o [1]
  .text              ro code   0x800'4f50   0x22c  tim.o [1]
  .text              ro code   0x800'517c   0x95e  stm32l4xx_hal_tim.o [1]
  .text              ro code   0x800'5ada    0x3a  zero_init3.o [4]
  .text              ro code   0x800'5b14   0x514  stm32l4xx_hal_spi.o [1]
  .text              ro code   0x800'6028   0x2a0  api_flash.o [1]
  .text              ro code   0x800'62c8   0xf7a  xprintffull.o [2]
  .text              ro code   0x800'7242    0x1e  xencoding_8859_1.o [2]
  .text              ro code   0x800'7260   0x2dc  adc_sample.o [1]
  .text              ro code   0x800'753c   0x158  api_rtc.o [1]
  .text              ro code   0x800'7694   0x31c  main.o [1]
  .text              ro code   0x800'79b0     0x6  ABImemclr4.o [4]
  .text              ro code   0x800'79b6     0xa  xsprout.o [2]
  .text              ro code   0x800'79c0   0x11c  stm32l4xx_hal_tim_ex.o [1]
  .text              ro code   0x800'7adc     0x2  stm32l4xx_hal_tim.o [1]
  .text              ro code   0x800'7ae0   0x190  stm32l4xx_hal_flash.o [1]
  .text              ro code   0x800'7c70   0x1b8  stm32l4xx_hal_flash_ex.o [1]
  .text              ro code   0x800'7e28    0x78  xlocale_c.o [2]
  .text              ro code   0x800'7ea0    0x16  strchr.o [4]
  .text              ro code   0x800'7eb8    0x40  xfail_s.o [2]
  .text              ro code   0x800'7ef8    0x36  strlen.o [4]
  .text              ro code   0x800'7f30    0x58  memchr.o [4]
  .text              ro code   0x800'7f88     0xa  xmbcurmax.o [2]
  .text              ro code   0x800'7f94   0x230  I64DivMod.o [4]
  .text              ro code   0x800'81c4   0x1a2  DblMul.o [3]
  .text              ro code   0x800'8368    0x70  frexp.o [3]
  .text              ro code   0x800'83d8    0x2e  DblCmpLe.o [3]
  .text              ro code   0x800'8408    0x2e  DblCmpGe.o [3]
  .text              ro code   0x800'8438   0x13a  ldexp.o [3]
  .text              ro code   0x800'8574    0x3a  DblToS32.o [3]
  .text              ro code   0x800'85b0    0x22  S32ToDbl.o [3]
  .text              ro code   0x800'85d4    0xe2  DblSub.o [3]
  .text              ro code   0x800'86b8   0x246  DblDiv.o [3]
  .text              ro code   0x800'8900    0x28  DblToU32.o [3]
  .text              ro code   0x800'8928    0x1a  U32ToDbl.o [3]
  .text              ro code   0x800'8944   0xb9e  stm32l4xx_hal_adc.o [1]
  .text              ro code   0x800'94e4    0x68  DblToFlt.o [3]
  .text              ro code   0x800'954c   0x3b8  stm32l4xx_hal_rtc.o [1]
  .text              ro code   0x800'9904   0x184  stm32l4xx_hal_rtc_ex.o [1]
  .text              ro code   0x800'9a88   0x114  stm32l4xx_hal_cortex.o [1]
  .text              ro code   0x800'9b9c    0x30  stm32l4xx_hal.o [1]
  .text              ro code   0x800'9bcc   0x240  gpio.o [1]
  .text              ro code   0x800'9e0c    0x40  dma.o [1]
  .text              ro code   0x800'9e4c   0x134  adc.o [1]
  .text              ro code   0x800'9f80    0xbc  dac.o [1]
  .text              ro code   0x800'a03c    0x40  iwdg.o [1]
  .text              ro code   0x800'a07c   0x37c  usart.o [1]
  .text              ro code   0x800'a3f8    0xc0  rtc.o [1]
  .text              ro code   0x800'a4b8   0x170  sdmmc.o [1]
  .text              ro code   0x800'a628   0x1ac  weather.o [1]
  .text              ro code   0x800'a7d4   0x174  di.o [1]
  .text              ro code   0x800'a948    0x10  stm32l4xx_hal_pwr.o [1]
  .text              ro code   0x800'a958   0x838  stm32l4xx_hal_rcc.o [1]
  .text              ro code   0x800'b190   0xc48  stm32l4xx_hal_rcc_ex.o [1]
  .text              ro code   0x800'bdd8    0x7c  stm32l4xx_hal_pwr_ex.o [1]
  .text              ro code   0x800'be54    0x32  ABImemset48.o [4]
  .text              ro code   0x800'be86     0x6  abort.o [2]
  .text              ro code   0x800'be8c     0x2  I64DivZer.o [4]
  .text              ro code   0x800'be90   0x16a  DblAdd.o [3]
  .text              ro code   0x800'bffc    0x50  stm32l4xx_hal.o [1]
  .text              ro code   0x800'c04c    0x30  stm32l4xx_hal_msp.o [1]
  .text              ro code   0x800'c07c   0x124  stm32l4xx_hal_adc_ex.o [1]
  .text              ro code   0x800'c1a0   0x14e  stm32l4xx_hal_dac.o [1]
  .text              ro code   0x800'c2ee    0x64  stm32l4xx_hal_iwdg.o [1]
  .text              ro code   0x800'c354   0x66a  stm32l4xx_hal_uart.o [1]
  .text              ro code   0x800'c9be    0x94  stm32l4xx_hal_uart_ex.o [1]
  .text              ro code   0x800'ca54   0x1fc  stm32l4xx_hal_dma.o [1]
  .text              ro code   0x800'cc50   0x190  api_dht11.o [1]
  .text              ro code   0x800'cde0    0x14  exit.o [5]
  .text              ro code   0x800'cdf4     0x2  stm32l4xx_hal_uart.o [1]
  .text              ro code   0x800'cdf6     0x2  stm32l4xx_hal_uart.o [1]
  .text              ro code   0x800'cdf8   0xf18  stm32l4xx_hal_sd.o [1]
  .text              ro code   0x800'dd10   0x6d0  stm32l4xx_ll_sdmmc.o [1]
  .text              ro code   0x800'e3e0     0x2  stm32l4xx_hal_sd.o [1]
  .text              ro code   0x800'e3e2     0xe  bsp_driver_sd.o [1]
  .text              ro code   0x800'e3f0     0x2  bsp_driver_sd.o [1]
  .text              ro code   0x800'e3f2     0x2  bsp_driver_sd.o [1]
  .rodata            const     0x800'e3f4   0x17c  config_flash.o [1]
  .rodata            const     0x800'e570   0x17c  config_flash.o [1]
  .text              ro code   0x800'e6ec    0xdc  sd_diskio.o [1]
  .text              ro code   0x800'e7c8    0x18  bsp_driver_sd.o [1]
  .text              ro code   0x800'e7e0    0x34  bsp_driver_sd.o [1]
  .text              ro code   0x800'e814    0x20  bsp_driver_sd.o [1]
  .text              ro code   0x800'e834    0x20  bsp_driver_sd.o [1]
  .text              ro code   0x800'e854     0xc  bsp_driver_sd.o [1]
  .text              ro code   0x800'e860    0x1c  bsp_driver_sd.o [1]
  .text              ro code   0x800'e87c    0x1c  fatfs_platform.o [1]
  .text              ro code   0x800'e898    0x8c  system_stm32l4xx.o [1]
  .text              ro code   0x800'e924    0x70  stm32l4xx_it.o [1]
  .text              ro code   0x800'e994    0x10  stm32l4xx_hal.o [1]
  .rodata            const     0x800'e9a4    0x6c  ui.o [1]
  .text              ro code   0x800'ea10    0x28  data_init.o [4]
  .text              ro code   0x800'ea38    0x22  fpinit_M.o [3]
  .iar.init_table    const     0x800'ea5c    0x20  - Linker created -
  .text              ro code   0x800'ea7c    0x1e  cmain.o [4]
  .text              ro code   0x800'ea9a     0x4  low_level_init.o [2]
  .text              ro code   0x800'ea9e     0x4  exit.o [2]
  .text              ro code   0x800'eaa4     0xa  cexit.o [4]
  .rodata            const     0x800'eab0    0x14  sd_diskio.o [1]
  .text              ro code   0x800'eac4    0x10  startup_stm32l476xx.o [1]
  .text              ro code   0x800'ead4     0xc  cstartup_M.o [4]
  .rodata            const     0x800'eae0     0x8  system_stm32l4xx.o [1]
  .rodata            const     0x800'eae8     0x6  xlocale_c.o [2]
  .text              ro code   0x800'eaee     0x4  startup_stm32l476xx.o [1]
  .text              ro code   0x800'eaf2     0x4  startup_stm32l476xx.o [1]
  .text              ro code   0x800'eaf6     0x4  startup_stm32l476xx.o [1]
  .text              ro code   0x800'eafa     0x4  startup_stm32l476xx.o [1]
  .text              ro code   0x800'eafe     0x4  startup_stm32l476xx.o [1]
  .text              ro code   0x800'eb02     0x4  startup_stm32l476xx.o [1]
  .text              ro code   0x800'eb06     0x4  startup_stm32l476xx.o [1]
  .text              ro code   0x800'eb0a     0x4  startup_stm32l476xx.o [1]
  .text              ro code   0x800'eb0e     0x4  startup_stm32l476xx.o [1]
  .text              ro code   0x800'eb12     0x4  startup_stm32l476xx.o [1]
  .text              ro code   0x800'eb16     0x4  startup_stm32l476xx.o [1]
  .text              ro code   0x800'eb1a     0x4  startup_stm32l476xx.o [1]
  .text              ro code   0x800'eb1e     0x4  startup_stm32l476xx.o [1]
  .text              ro code   0x800'eb22     0x4  startup_stm32l476xx.o [1]
  .text              ro code   0x800'eb26     0x4  startup_stm32l476xx.o [1]
  .text              ro code   0x800'eb2a     0x4  startup_stm32l476xx.o [1]
  .text              ro code   0x800'eb2e     0x4  startup_stm32l476xx.o [1]
  .text              ro code   0x800'eb32     0x4  startup_stm32l476xx.o [1]
  .text              ro code   0x800'eb36     0x4  startup_stm32l476xx.o [1]
  .text              ro code   0x800'eb3a     0x4  startup_stm32l476xx.o [1]
  .text              ro code   0x800'eb3e     0x4  startup_stm32l476xx.o [1]
  .text              ro code   0x800'eb42     0x4  startup_stm32l476xx.o [1]
  .text              ro code   0x800'eb46     0x4  startup_stm32l476xx.o [1]
  .text              ro code   0x800'eb4a     0x4  startup_stm32l476xx.o [1]
  .text              ro code   0x800'eb4e     0x4  startup_stm32l476xx.o [1]
  .text              ro code   0x800'eb52     0x4  startup_stm32l476xx.o [1]
  .text              ro code   0x800'eb56     0x4  startup_stm32l476xx.o [1]
  .text              ro code   0x800'eb5a     0x4  startup_stm32l476xx.o [1]
  .text              ro code   0x800'eb5e     0x4  startup_stm32l476xx.o [1]
  .text              ro code   0x800'eb62     0x4  startup_stm32l476xx.o [1]
  .text              ro code   0x800'eb66     0x4  startup_stm32l476xx.o [1]
  .text              ro code   0x800'eb6a     0x4  startup_stm32l476xx.o [1]
  .text              ro code   0x800'eb6e     0x4  startup_stm32l476xx.o [1]
  .text              ro code   0x800'eb72     0x4  startup_stm32l476xx.o [1]
  .text              ro code   0x800'eb76     0x4  startup_stm32l476xx.o [1]
  .text              ro code   0x800'eb7a     0x4  startup_stm32l476xx.o [1]
  .text              ro code   0x800'eb7e     0x4  startup_stm32l476xx.o [1]
  .text              ro code   0x800'eb82     0x4  startup_stm32l476xx.o [1]
  .text              ro code   0x800'eb86     0x4  startup_stm32l476xx.o [1]
  .text              ro code   0x800'eb8a     0x4  startup_stm32l476xx.o [1]
  .text              ro code   0x800'eb8e     0x4  startup_stm32l476xx.o [1]
  .text              ro code   0x800'eb92     0x4  startup_stm32l476xx.o [1]
  .text              ro code   0x800'eb96     0x4  startup_stm32l476xx.o [1]
  .text              ro code   0x800'eb9a     0x4  startup_stm32l476xx.o [1]
  .text              ro code   0x800'eb9e     0x4  startup_stm32l476xx.o [1]
  .text              ro code   0x800'eba2     0x4  startup_stm32l476xx.o [1]
  .text              ro code   0x800'eba6     0x4  startup_stm32l476xx.o [1]
  .text              ro code   0x800'ebaa     0x4  startup_stm32l476xx.o [1]
  .text              ro code   0x800'ebae     0x4  startup_stm32l476xx.o [1]
  .text              ro code   0x800'ebb2     0x4  startup_stm32l476xx.o [1]
  .text              ro code   0x800'ebb6     0x4  startup_stm32l476xx.o [1]
  .text              ro code   0x800'ebba     0x4  startup_stm32l476xx.o [1]
  .text              ro code   0x800'ebbe     0x4  startup_stm32l476xx.o [1]
  .text              ro code   0x800'ebc2     0x4  startup_stm32l476xx.o [1]
  .text              ro code   0x800'ebc6     0x4  startup_stm32l476xx.o [1]
  .text              ro code   0x800'ebca     0x4  startup_stm32l476xx.o [1]
  .text              ro code   0x800'ebce     0x4  startup_stm32l476xx.o [1]
  .text              ro code   0x800'ebd2     0x4  startup_stm32l476xx.o [1]
  .text              ro code   0x800'ebd6     0x4  startup_stm32l476xx.o [1]
  .text              ro code   0x800'ebda     0x4  startup_stm32l476xx.o [1]
  .text              ro code   0x800'ebde     0x4  startup_stm32l476xx.o [1]
  .text              ro code   0x800'ebe2     0x4  startup_stm32l476xx.o [1]
  .text              ro code   0x800'ebe6     0x4  startup_stm32l476xx.o [1]
  .text              ro code   0x800'ebea     0x4  startup_stm32l476xx.o [1]
  .text              ro code   0x800'ebee     0x4  startup_stm32l476xx.o [1]
  .text              ro code   0x800'ebf2     0x4  startup_stm32l476xx.o [1]
  .text              ro code   0x800'ebf6     0x4  startup_stm32l476xx.o [1]
  .text              ro code   0x800'ebfa     0x4  startup_stm32l476xx.o [1]
  .text              ro code   0x800'ebfe     0x4  startup_stm32l476xx.o [1]
  .text              ro code   0x800'ec02     0x4  startup_stm32l476xx.o [1]
  .text              ro code   0x800'ec06     0x4  startup_stm32l476xx.o [1]
  .text              ro code   0x800'ec0a     0x4  startup_stm32l476xx.o [1]
  .rodata            const     0x800'ec0e     0x0  zero_init3.o [4]
  .rodata            const     0x800'ec0e     0x0  lz77_init_single.o [4]
  Initializer bytes  const     0x800'ec0e    0x47  <for P2-1>
                             - 0x800'ec55  0xeacd

Absolute sections:                          0x180
  .rodata            const     0x807'f800   0x180  config_flash.o [1]
                             - 0x807'f980   0x180

"P2", part 1 of 3:                           0xc5
  P2-1                        0x2000'0000    0xc5  <Init block>
    .data            inited   0x2000'0000    0x14  adc_sample.o [1]
    .data            inited   0x2000'0014     0xc  stm32l4xx_hal.o [1]
    .data            inited   0x2000'0020    0x20  stm32l4xx_hal_flash.o [1]
    .data            inited   0x2000'0040     0x4  system_stm32l4xx.o [1]
    .data            inited   0x2000'0044    0x38  xlocale_c.o [2]
    .data            inited   0x2000'007c    0x48  xlocale_c.o [2]
    .data            inited   0x2000'00c4     0x1  sd_diskio.o [1]
                            - 0x2000'00c5    0xc5

"P2", part 2 of 3:                          0xde0
  .bss               zero     0x2000'00c8   0x400  lcd.o [1]
  .bss               zero     0x2000'04c8   0x230  fatfs.o [1]
  .bss               zero     0x2000'06f8   0x17c  config_flash.o [1]
  .bss               zero     0x2000'0874    0x90  sdmmc.o [1]
  .bss               zero     0x2000'0904    0x84  sdmmc.o [1]
  .bss               zero     0x2000'0988    0x80  usart.o [1]
  .bss               zero     0x2000'0a08    0x80  usart.o [1]
  .bss               zero     0x2000'0a88    0x80  usart.o [1]
  .bss               zero     0x2000'0b08    0x80  usart.o [1]
  .bss               zero     0x2000'0b88    0x80  usart.o [1]
  .bss               zero     0x2000'0c08    0x64  adc.o [1]
  .bss               zero     0x2000'0c6c    0x64  spi.o [1]
  .bss               zero     0x2000'0cd0    0x4c  tim.o [1]
  .bss               zero     0x2000'0d1c    0x4c  tim.o [1]
  .bss               zero     0x2000'0d68    0x40  ui.o [1]
  .bss               zero     0x2000'0da8    0x24  rtc.o [1]
  .bss               zero     0x2000'0dcc    0x20  ff.o [1]
  .bss               zero     0x2000'0dec    0x20  lcd.o [1]
  .bss               zero     0x2000'0e0c    0x14  dac.o [1]
  .bss               zero     0x2000'0e20    0x14  weather.o [1]
  .bss               zero     0x2000'0e34    0x10  iwdg.o [1]
  .bss               zero     0x2000'0e44     0xc  ff_gen_drv.o [1]
  .bss               zero     0x2000'0e50     0xc  irrigation.o [1]
  .bss               zero     0x2000'0e5c     0xb  di.o [1]
  .bss               zero     0x2000'0e68     0x8  button.o [1]
  .bss               zero     0x2000'0e70     0x8  datetime.o [1]
  .bss               zero     0x2000'0e78     0x8  fatfs.o [1]
  .bss               zero     0x2000'0e80     0x8  ff.o [1]
  .bss               zero     0x2000'0e88     0x8  irrigation.o [1]
  .bss               zero     0x2000'0e90     0x8  ui.o [1]
  .bss               zero     0x2000'0e98     0x4  button.o [1]
  .bss               zero     0x2000'0e9c     0x4  main.o [1]
  .bss               zero     0x2000'0ea0     0x4  xfail_s.o [2]
  .bss               zero     0x2000'0ea4     0x2  lcd.o [1]
                            - 0x2000'0ea6   0xdde

"P2", part 3 of 3:                          0x800
  CSTACK                      0x2000'0ea8   0x800  <Block>
    CSTACK           uninit   0x2000'0ea8   0x800  <Block tail>
                            - 0x2000'16a8   0x800

Unused ranges:

         From           To      Size
         ----           --      ----
   0x800'ec55   0x807'f7ff  0x7'0bab
   0x807'f980   0x80f'ffff  0x8'0680
  0x2000'00c5  0x2000'00c7       0x3
  0x2000'16a8  0x2001'7fff  0x1'6958


*******************************************************************************
*** INIT TABLE
***

          Address      Size
          -------      ----
Zero (__iar_zero_init3)
    1 destination range, total size 0xdde:
          0x2000'00c8  0xdde

Copy/lz77 (__iar_lz77_init_single3)
    1 source range, total size 0x47 (36% of destination):
           0x800'ec0e   0x47
    1 destination range, total size 0xc5:
          0x2000'0000   0xc5



*******************************************************************************
*** MODULE SUMMARY
***

    Module                    ro code  ro data  rw data  ro data
                                                          (abs)
    ------                    -------  -------  -------  -------
command line/config:
    ------------------------------------------------------------
    Total:

C:\Users\Nahuel\Desktop\Lucia\Hidroponia\Software\Hidro_v1.2\EWARM\HIDRO_v1.1\Obj: [1]
    adc.o                         308               100
    adc_sample.o                  732        7       20
    api_dht11.o                   400
    api_flash.o                   672
    api_rtc.o                     344
    bsp_driver_sd.o               198
    button.o                      252                12
    config_flash.o                500      760      380      384
    dac.o                         188                20
    datetime.o                    360                 8
    di.o                          372                11
    diskio.o                      124
    dma.o                          64
    fatfs.o                        28               568
    fatfs_platform.o               28
    ff.o                        6 440                40
    ff_gen_drv.o                   68                12
    gpio.o                        576
    irrigation.o                1 168                20
    iwdg.o                         64                16
    lcd.o                       3 228             1 058
    main.o                        796                 4
    rtc.o                         192                36
    sd_diskio.o                   220       21        1
    sdmmc.o                       368               276
    spi.o                         220               100
    startup_stm32l476xx.o         696
    stm32l4xx_hal.o               196        4       12
    stm32l4xx_hal_adc.o         2 974
    stm32l4xx_hal_adc_ex.o        292
    stm32l4xx_hal_cortex.o        276
    stm32l4xx_hal_dac.o           334
    stm32l4xx_hal_dma.o           508
    stm32l4xx_hal_flash.o         400       12       32
    stm32l4xx_hal_flash_ex.o      440
    stm32l4xx_hal_gpio.o          808
    stm32l4xx_hal_iwdg.o          100
    stm32l4xx_hal_msp.o            48
    stm32l4xx_hal_pwr.o            16
    stm32l4xx_hal_pwr_ex.o        124
    stm32l4xx_hal_rcc.o         2 104
    stm32l4xx_hal_rcc_ex.o      3 144
    stm32l4xx_hal_rtc.o           952
    stm32l4xx_hal_rtc_ex.o        388
    stm32l4xx_hal_sd.o          3 866
    stm32l4xx_hal_spi.o         1 300
    stm32l4xx_hal_tim.o         2 400
    stm32l4xx_hal_tim_ex.o        284
    stm32l4xx_hal_uart.o        1 646
    stm32l4xx_hal_uart_ex.o       148
    stm32l4xx_it.o                112
    stm32l4xx_ll_sdmmc.o        1 744
    system_stm32l4xx.o            140        9        4
    tim.o                         556               152
    ui.o                        5 768      108       72
    usart.o                       892               640
    utils.o                       472
    weather.o                     428                20
    ------------------------------------------------------------
    Total:                     51 466      921    3 614      384

dl7M_tlf.a: [2]
    abort.o                         6
    exit.o                          4
    low_level_init.o                4
    sprintf.o                      64
    xencoding_8859_1.o             30
    xfail_s.o                      64                 4
    xlocale_c.o                   120       52      128
    xmbcurmax.o                    10
    xprintffull.o               3 962
    xsprout.o                      10
    ------------------------------------------------------------
    Total:                      4 274       52      132

m7M_tls.a: [3]
    DblAdd.o                      362
    DblCmpGe.o                     46
    DblCmpLe.o                     46
    DblDiv.o                      582
    DblMul.o                      418
    DblSub.o                      226
    DblToFlt.o                    104
    DblToS32.o                     58
    DblToU32.o                     40
    FltToDbl.o                     72
    S32ToDbl.o                     34
    U32ToDbl.o                     26
    fpinit_M.o                     34
    frexp.o                       112
    ldexp.o                       314
    ------------------------------------------------------------
    Total:                      2 474

rt7M_tl.a: [4]
    ABImemclr4.o                    6
    ABImemcpy.o                   166
    ABImemset48.o                  50
    I64DivMod.o                   560
    I64DivZer.o                     2
    cexit.o                        10
    cmain.o                        30
    cstartup_M.o                   12
    data_init.o                    40
    lz77_init_single.o            122
    memchr.o                       88
    strchr.o                       22
    strlen.o                       54
    zero_init3.o                   58
    ------------------------------------------------------------
    Total:                      1 220

shb_l.a: [5]
    exit.o                         20
    ------------------------------------------------------------
    Total:                         20

    Gaps                           38        4        1
    Linker created                          32    2 048
----------------------------------------------------------------
    Grand Total:               59 492    1 009    5 795      384


*******************************************************************************
*** ENTRY LIST
***

Entry                       Address    Size  Type      Object
-----                       -------    ----  ----      ------
.iar.init_table$$Base    0x800'ea5c           --   Gb  - Linker created -
.iar.init_table$$Limit   0x800'ea7c           --   Gb  - Linker created -
?main                    0x800'ea7d          Code  Gb  cmain.o [4]
ADC_ConversionStop       0x800'92f7    0xd8  Code  Gb  stm32l4xx_hal_adc.o [1]
ADC_Disable              0x800'946f    0x74  Code  Gb  stm32l4xx_hal_adc.o [1]
ADC_Enable               0x800'93fd    0x72  Code  Gb  stm32l4xx_hal_adc.o [1]
ADC_State               0x2000'0000     0x1  Data  Gb  adc_sample.o [1]
AHBPrescTable            0x800'e8e4    0x10  Data  Gb  system_stm32l4xx.o [1]
APBPrescTable            0x800'eae0     0x8  Data  Gb  system_stm32l4xx.o [1]
BSP_PlatformIsDetected   0x800'e87d    0x1c  Code  Gb  fatfs_platform.o [1]
BSP_SD_GetCardInfo       0x800'e855     0xc  Code  Wk  bsp_driver_sd.o [1]
BSP_SD_GetCardState      0x800'e7c9    0x18  Code  Wk  bsp_driver_sd.o [1]
BSP_SD_Init              0x800'e7e1    0x34  Code  Wk  bsp_driver_sd.o [1]
BSP_SD_ReadBlocks        0x800'e815    0x20  Code  Wk  bsp_driver_sd.o [1]
BSP_SD_WriteBlocks       0x800'e835    0x20  Code  Wk  bsp_driver_sd.o [1]
BusFault_Handler         0x800'e92b     0x2  Code  Gb  stm32l4xx_it.o [1]
CSTACK$$Base            0x2000'0ea8           --   Gb  - Linker created -
CSTACK$$Limit           0x2000'16a8           --   Gb  - Linker created -
CacheMore                0x800'7e2d    0x24  Code  Lc  xlocale_c.o [2]
DHT11_check_response     0x800'cca5    0x54  Code  Gb  api_dht11.o [1]
DHT11_read               0x800'ccf9    0x80  Code  Gb  api_dht11.o [1]
DHT11_start              0x800'cc51    0x54  Code  Gb  api_dht11.o [1]
DMA2_Channel4_IRQHandler
                         0x800'e95d     0x6  Code  Gb  stm32l4xx_it.o [1]
DMA2_Channel5_IRQHandler
                         0x800'e963     0x6  Code  Gb  stm32l4xx_it.o [1]
DebugMon_Handler         0x800'e931     0x2  Code  Gb  stm32l4xx_it.o [1]
Di_State                0x2000'0e64     0x1  Data  Gb  di.o [1]
Error_Handler            0x800'7987     0x2  Code  Gb  main.o [1]
ExCvt                    0x800'0b44    0x80  Data  Lc  ff.o [1]
FATFS_LinkDriver         0x800'1b85     0x4  Code  Gb  ff_gen_drv.o [1]
FATFS_LinkDriverEx       0x800'1b49    0x3c  Code  Gb  ff_gen_drv.o [1]
FLASH_FlushCaches        0x800'7dc1    0x54  Code  Gb  stm32l4xx_hal_flash_ex.o [1]
FLASH_MassErase          0x800'7d61    0x26  Code  Lc  stm32l4xx_hal_flash_ex.o [1]
FLASH_PageErase          0x800'7d87    0x3a  Code  Gb  stm32l4xx_hal_flash_ex.o [1]
FLASH_Program_DoubleWord
                         0x800'7c0b    0x1a  Code  Lc  stm32l4xx_hal_flash.o [1]
FLASH_Program_Fast       0x800'7c25    0x2e  Code  Lc  stm32l4xx_hal_flash.o [1]
FLASH_WaitForLastOperation
                         0x800'7bbb    0x50  Code  Gb  stm32l4xx_hal_flash.o [1]
FatFs                   0x2000'0e84     0x4  Data  Lc  ff.o [1]
Files                   0x2000'0dcc    0x20  Data  Lc  ff.o [1]
Flags                   0x2000'0e9c     0x4  Data  Gb  main.o [1]
Flags_ADC               0x2000'0001     0x1  Data  Gb  adc_sample.o [1]
Flags_Buttons           0x2000'0e6a     0x1  Data  Gb  button.o [1]
Flags_DI                0x2000'0e65     0x1  Data  Gb  di.o [1]
Flags_Irrigation        0x2000'0e51     0x1  Data  Gb  irrigation.o [1]
Flags_LCD               0x2000'0df0     0x1  Data  Gb  lcd.o [1]
Flags_Weather           0x2000'0e21     0x1  Data  Gb  weather.o [1]
FontLookup               0x800'36e4   0x1d8  Data  Lc  lcd.o [1]
FontLookup_2             0x800'38bc   0x600  Data  Lc  lcd.o [1]
Fsid                    0x2000'0e80     0x2  Data  Lc  ff.o [1]
Global_Date             0x2000'0e70     0x8  Data  Gb  datetime.o [1]
GotoXY                   0x800'35e3    0x30  Code  Gb  lcd.o [1]
HAL_ADCEx_MultiModeConfigChannel
                         0x800'c08f    0xfc  Code  Gb  stm32l4xx_hal_adc_ex.o [1]
HAL_ADC_ConfigChannel    0x800'8f25   0x3d2  Code  Gb  stm32l4xx_hal_adc.o [1]
HAL_ADC_GetValue         0x800'8f0d     0x6  Code  Gb  stm32l4xx_hal_adc.o [1]
HAL_ADC_Init             0x800'8ae1   0x1c2  Code  Gb  stm32l4xx_hal_adc.o [1]
HAL_ADC_MspInit          0x800'9eef    0x7a  Code  Gb  adc.o [1]
HAL_ADC_PollForConversion
                         0x800'8dcd   0x11c  Code  Gb  stm32l4xx_hal_adc.o [1]
HAL_ADC_Start            0x800'8ca3    0xec  Code  Gb  stm32l4xx_hal_adc.o [1]
HAL_ADC_Stop             0x800'8d8f    0x3e  Code  Gb  stm32l4xx_hal_adc.o [1]
HAL_DAC_ConfigChannel    0x800'c1cb   0x124  Code  Gb  stm32l4xx_hal_dac.o [1]
HAL_DAC_Init             0x800'c1a1    0x2a  Code  Gb  stm32l4xx_hal_dac.o [1]
HAL_DAC_MspInit          0x800'9fd9    0x56  Code  Gb  dac.o [1]
HAL_DMA_Abort_IT         0x800'cb3d    0x4e  Code  Gb  stm32l4xx_hal_dma.o [1]
HAL_DMA_IRQHandler       0x800'cb8b    0xc4  Code  Gb  stm32l4xx_hal_dma.o [1]
HAL_DMA_Init             0x800'ca55    0xcc  Code  Gb  stm32l4xx_hal_dma.o [1]
HAL_Delay                0x800'4f29    0x28  Code  Wk  stm32l4xx_hal.o [1]
HAL_FLASHEx_Erase        0x800'7c71    0xf0  Code  Gb  stm32l4xx_hal_flash_ex.o [1]
HAL_FLASH_Lock           0x800'7bad     0xe  Code  Gb  stm32l4xx_hal_flash.o [1]
HAL_FLASH_Program        0x800'7ae1    0xb0  Code  Gb  stm32l4xx_hal_flash.o [1]
HAL_FLASH_Unlock         0x800'7b91    0x1c  Code  Gb  stm32l4xx_hal_flash.o [1]
HAL_GPIO_DeInit          0x800'4cd9   0x132  Code  Gb  stm32l4xx_hal_gpio.o [1]
HAL_GPIO_Init            0x800'4b25   0x1b4  Code  Gb  stm32l4xx_hal_gpio.o [1]
HAL_GPIO_ReadPin         0x800'4e0b    0x10  Code  Gb  stm32l4xx_hal_gpio.o [1]
HAL_GPIO_WritePin        0x800'4e1b     0xc  Code  Gb  stm32l4xx_hal_gpio.o [1]
HAL_GetTick              0x800'3215     0xc  Code  Wk  stm32l4xx_hal.o [1]
HAL_IWDG_Init            0x800'c2ef    0x58  Code  Gb  stm32l4xx_hal_iwdg.o [1]
HAL_IWDG_Refresh         0x800'c347     0xc  Code  Gb  stm32l4xx_hal_iwdg.o [1]
HAL_IncTick              0x800'e995    0x10  Code  Wk  stm32l4xx_hal.o [1]
HAL_Init                 0x800'9b9d    0x2a  Code  Gb  stm32l4xx_hal.o [1]
HAL_InitTick             0x800'bffd    0x50  Code  Wk  stm32l4xx_hal.o [1]
HAL_MspInit              0x800'c04d    0x30  Code  Gb  stm32l4xx_hal_msp.o [1]
HAL_NVIC_DisableIRQ      0x800'9b7b     0x2  Code  Gb  stm32l4xx_hal_cortex.o [1]
HAL_NVIC_EnableIRQ       0x800'9b79     0x2  Code  Gb  stm32l4xx_hal_cortex.o [1]
HAL_NVIC_SetPriority     0x800'9b5b    0x1e  Code  Gb  stm32l4xx_hal_cortex.o [1]
HAL_NVIC_SetPriorityGrouping
                         0x800'9b59     0x2  Code  Gb  stm32l4xx_hal_cortex.o [1]
HAL_PWREx_ControlVoltageScaling
                         0x800'bde5    0x64  Code  Gb  stm32l4xx_hal_pwr_ex.o [1]
HAL_PWREx_GetVoltageRange
                         0x800'bdd9     0xc  Code  Gb  stm32l4xx_hal_pwr_ex.o [1]
HAL_PWR_EnableBkUpAccess
                         0x800'a949     0xc  Code  Gb  stm32l4xx_hal_pwr.o [1]
HAL_RCCEx_EnableMSIPLLMode
                         0x800'ba81     0xc  Code  Gb  stm32l4xx_hal_rcc_ex.o [1]
HAL_RCCEx_GetPeriphCLKFreq
                         0x800'b50d   0x56c  Code  Gb  stm32l4xx_hal_rcc_ex.o [1]
HAL_RCCEx_PeriphCLKConfig
                         0x800'b191   0x37c  Code  Gb  stm32l4xx_hal_rcc_ex.o [1]
HAL_RCC_ClockConfig      0x800'aea5   0x11a  Code  Gb  stm32l4xx_hal_rcc.o [1]
HAL_RCC_GetHCLKFreq      0x800'b09b     0x6  Code  Gb  stm32l4xx_hal_rcc.o [1]
HAL_RCC_GetPCLK1Freq     0x800'b0a1    0x1a  Code  Gb  stm32l4xx_hal_rcc.o [1]
HAL_RCC_GetPCLK2Freq     0x800'b0bb    0x1a  Code  Gb  stm32l4xx_hal_rcc.o [1]
HAL_RCC_GetSysClockFreq
                         0x800'b007    0x94  Code  Gb  stm32l4xx_hal_rcc.o [1]
HAL_RCC_MCOConfig        0x800'afbf    0x48  Code  Gb  stm32l4xx_hal_rcc.o [1]
HAL_RCC_OscConfig        0x800'a959   0x54c  Code  Gb  stm32l4xx_hal_rcc.o [1]
HAL_RS485Ex_Init         0x800'c9bf    0x92  Code  Gb  stm32l4xx_hal_uart_ex.o [1]
HAL_RTCEx_DeactivateWakeUpTimer
                         0x800'99cf    0x80  Code  Gb  stm32l4xx_hal_rtc_ex.o [1]
HAL_RTCEx_SetWakeUpTimer_IT
                         0x800'9905    0xca  Code  Gb  stm32l4xx_hal_rtc_ex.o [1]
HAL_RTCEx_WakeUpTimerEventCallback
                         0x800'7695     0xc  Code  Gb  main.o [1]
HAL_RTCEx_WakeUpTimerIRQHandler
                         0x800'9a4f    0x30  Code  Gb  stm32l4xx_hal_rtc_ex.o [1]
HAL_RTC_GetDate          0x800'97b5    0x4c  Code  Gb  stm32l4xx_hal_rtc.o [1]
HAL_RTC_GetTime          0x800'96af    0x5c  Code  Gb  stm32l4xx_hal_rtc.o [1]
HAL_RTC_Init             0x800'954d    0x9a  Code  Gb  stm32l4xx_hal_rtc.o [1]
HAL_RTC_MspInit          0x800'a493    0x14  Code  Gb  rtc.o [1]
HAL_RTC_SetDate          0x800'970b    0xaa  Code  Gb  stm32l4xx_hal_rtc.o [1]
HAL_RTC_SetTime          0x800'95e7    0xc8  Code  Gb  stm32l4xx_hal_rtc.o [1]
HAL_RTC_WaitForSynchro   0x800'9801    0x32  Code  Gb  stm32l4xx_hal_rtc.o [1]
HAL_SD_AbortCallback     0x800'e3e3     0x4  Code  Gb  bsp_driver_sd.o [1]
HAL_SD_ConfigWideBusOperation
                         0x800'd791    0xcc  Code  Gb  stm32l4xx_hal_sd.o [1]
HAL_SD_GetCardCSD        0x800'd599   0x1d4  Code  Gb  stm32l4xx_hal_sd.o [1]
HAL_SD_GetCardInfo       0x800'd76d    0x24  Code  Gb  stm32l4xx_hal_sd.o [1]
HAL_SD_GetCardState      0x800'd85d    0x22  Code  Gb  stm32l4xx_hal_sd.o [1]
HAL_SD_IRQHandler        0x800'd3cd   0x1c0  Code  Gb  stm32l4xx_hal_sd.o [1]
HAL_SD_Init              0x800'cdf9    0x3e  Code  Gb  stm32l4xx_hal_sd.o [1]
HAL_SD_InitCard          0x800'ce37    0xf2  Code  Gb  stm32l4xx_hal_sd.o [1]
HAL_SD_MspInit           0x800'a4d1   0x13a  Code  Gb  sdmmc.o [1]
HAL_SD_ReadBlocks        0x800'cf29   0x278  Code  Gb  stm32l4xx_hal_sd.o [1]
HAL_SD_RxCpltCallback    0x800'e3eb     0x4  Code  Gb  bsp_driver_sd.o [1]
HAL_SD_TxCpltCallback    0x800'e3e7     0x4  Code  Gb  bsp_driver_sd.o [1]
HAL_SD_WriteBlocks       0x800'd1a1   0x22c  Code  Gb  stm32l4xx_hal_sd.o [1]
HAL_SPI_DeInit           0x800'5bfd    0x2a  Code  Gb  stm32l4xx_hal_spi.o [1]
HAL_SPI_Init             0x800'5b15    0xe8  Code  Gb  stm32l4xx_hal_spi.o [1]
HAL_SPI_MspDeInit        0x800'4ef7    0x1e  Code  Gb  spi.o [1]
HAL_SPI_MspInit          0x800'4e99    0x5e  Code  Gb  spi.o [1]
HAL_SPI_Transmit         0x800'5c27   0x20c  Code  Gb  stm32l4xx_hal_spi.o [1]
HAL_SYSTICK_Config       0x800'9b7d     0x2  Code  Gb  stm32l4xx_hal_cortex.o [1]
HAL_TIMEx_ConfigBreakDeadTime
                         0x800'7a3d    0x86  Code  Gb  stm32l4xx_hal_tim_ex.o [1]
HAL_TIMEx_MasterConfigSynchronization
                         0x800'79c1    0x7c  Code  Gb  stm32l4xx_hal_tim_ex.o [1]
HAL_TIM_Base_DeInit      0x800'51c5    0x4a  Code  Gb  stm32l4xx_hal_tim.o [1]
HAL_TIM_Base_Init        0x800'517d    0x48  Code  Gb  stm32l4xx_hal_tim.o [1]
HAL_TIM_Base_MspDeInit   0x800'513d    0x26  Code  Gb  tim.o [1]
HAL_TIM_Base_MspInit     0x800'50b5    0x3e  Code  Gb  tim.o [1]
HAL_TIM_Base_Start       0x800'520f    0x72  Code  Gb  stm32l4xx_hal_tim.o [1]
HAL_TIM_ConfigClockSource
                         0x800'55f3    0xce  Code  Gb  stm32l4xx_hal_tim.o [1]
HAL_TIM_MspPostInit      0x800'50f3    0x4a  Code  Gb  tim.o [1]
HAL_TIM_PWM_ConfigChannel
                         0x800'54d1   0x122  Code  Gb  stm32l4xx_hal_tim.o [1]
HAL_TIM_PWM_Init         0x800'529d    0x48  Code  Gb  stm32l4xx_hal_tim.o [1]
HAL_TIM_PWM_Start        0x800'52e5   0x10c  Code  Gb  stm32l4xx_hal_tim.o [1]
HAL_TIM_PWM_Stop         0x800'53f1    0xb4  Code  Gb  stm32l4xx_hal_tim.o [1]
HAL_UARTEx_WakeupCallback
                         0x800'ca51     0x2  Code  Wk  stm32l4xx_hal_uart_ex.o [1]
HAL_UART_IRQHandler      0x800'c3bf   0x16a  Code  Gb  stm32l4xx_hal_uart.o [1]
HAL_UART_Init            0x800'c355    0x6a  Code  Gb  stm32l4xx_hal_uart.o [1]
HAL_UART_MspInit         0x800'a1ad   0x218  Code  Gb  usart.o [1]
HardFault_Handler        0x800'e927     0x2  Code  Gb  stm32l4xx_it.o [1]
Initial_Date            0x2000'0e88     0x8  Data  Gb  irrigation.o [1]
Irrigation_State        0x2000'0e50     0x1  Data  Gb  irrigation.o [1]
Irrigation_Timer        0x2000'0e54     0x4  Data  Gb  irrigation.o [1]
LCDBlink                 0x800'3669    0x62  Code  Gb  lcd.o [1]
LCDBlinkOn               0x800'357b    0x28  Code  Gb  lcd.o [1]
LCDChrXY                 0x800'3389    0x38  Code  Gb  lcd.o [1]
LCDChrXY_2               0x800'33f9    0x3a  Code  Gb  lcd.o [1]
LCDClearLines            0x800'332b    0x5e  Code  Gb  lcd.o [1]
LCDContrast              0x800'3221    0x16  Code  Gb  lcd.o [1]
LCDInit                  0x800'3237    0x9a  Code  Gb  lcd.o [1]
LCDNotChrXY              0x800'33c1    0x38  Code  Gb  lcd.o [1]
LCDScroll                0x800'3613    0x56  Code  Gb  lcd.o [1]
LCDScrollOn              0x800'3555    0x26  Code  Gb  lcd.o [1]
LCDSleep                 0x800'32d1    0x5a  Code  Gb  lcd.o [1]
LCDStr                   0x800'3487    0x54  Code  Gb  lcd.o [1]
LCDStr_2                 0x800'3433    0x54  Code  Gb  lcd.o [1]
LCDUpdate                0x800'34db    0x7a  Code  Gb  lcd.o [1]
LL_ADC_Disable           0x800'8a7b    0x10  Code  Lc  stm32l4xx_hal_adc.o [1]
LL_ADC_DisableDeepPowerDown
                         0x800'8a3b     0xc  Code  Lc  stm32l4xx_hal_adc.o [1]
LL_ADC_Enable            0x800'8a6b    0x10  Code  Lc  stm32l4xx_hal_adc.o [1]
LL_ADC_EnableInternalRegulator
                         0x800'8a51    0x10  Code  Lc  stm32l4xx_hal_adc.o [1]
LL_ADC_GetCommonPathInternalCh
                         0x800'895d     0x8  Code  Lc  stm32l4xx_hal_adc.o [1]
LL_ADC_GetMultiDMATransfer
                         0x800'8a33     0x8  Code  Lc  stm32l4xx_hal_adc.o [1]
LL_ADC_GetMultimode      0x800'8a2b     0x8  Code  Lc  stm32l4xx_hal_adc.o [1]
LL_ADC_GetOffsetChannel
                         0x800'8989     0xe  Code  Lc  stm32l4xx_hal_adc.o [1]
LL_ADC_INJ_IsConversionOngoing
                         0x800'8ad7     0xa  Code  Lc  stm32l4xx_hal_adc.o [1]
LL_ADC_INJ_StopConversion
                         0x800'8ac7    0x10  Code  Lc  stm32l4xx_hal_adc.o [1]
LL_ADC_IsDeepPowerDownEnabled
                         0x800'8a47     0xa  Code  Lc  stm32l4xx_hal_adc.o [1]
LL_ADC_IsDisableOngoing
                         0x800'8a93     0xa  Code  Lc  stm32l4xx_hal_adc.o [1]
LL_ADC_IsEnabled         0x800'8a8b     0x8  Code  Lc  stm32l4xx_hal_adc.o [1]
LL_ADC_IsEnabled         0x800'c07d     0x8  Code  Lc  stm32l4xx_hal_adc_ex.o [1]
LL_ADC_IsInternalRegulatorEnabled
                         0x800'8a61     0xa  Code  Lc  stm32l4xx_hal_adc.o [1]
LL_ADC_REG_IsConversionOngoing
                         0x800'8abd     0xa  Code  Lc  stm32l4xx_hal_adc.o [1]
LL_ADC_REG_IsConversionOngoing
                         0x800'c085     0xa  Code  Lc  stm32l4xx_hal_adc_ex.o [1]
LL_ADC_REG_IsTriggerSourceSWStart
                         0x800'89a9     0xe  Code  Lc  stm32l4xx_hal_adc.o [1]
LL_ADC_REG_SetSequencerRanks
                         0x800'89b7    0x2a  Code  Lc  stm32l4xx_hal_adc.o [1]
LL_ADC_REG_StartConversion
                         0x800'8a9d    0x10  Code  Lc  stm32l4xx_hal_adc.o [1]
LL_ADC_REG_StopConversion
                         0x800'8aad    0x10  Code  Lc  stm32l4xx_hal_adc.o [1]
LL_ADC_SetChannelSamplingTime
                         0x800'89e1    0x28  Code  Lc  stm32l4xx_hal_adc.o [1]
LL_ADC_SetChannelSingleDiff
                         0x800'8a09    0x22  Code  Lc  stm32l4xx_hal_adc.o [1]
LL_ADC_SetCommonClock    0x800'8945     0xc  Code  Lc  stm32l4xx_hal_adc.o [1]
LL_ADC_SetCommonPathInternalCh
                         0x800'8951     0xc  Code  Lc  stm32l4xx_hal_adc.o [1]
LL_ADC_SetOffset         0x800'8965    0x24  Code  Lc  stm32l4xx_hal_adc.o [1]
LL_ADC_SetOffsetState    0x800'8997    0x12  Code  Lc  stm32l4xx_hal_adc.o [1]
LPUART1_IRQHandler       0x800'e969     0x6  Code  Gb  stm32l4xx_it.o [1]
LcdMemory               0x2000'00c8   0x400  Data  Gb  lcd.o [1]
LoadInt                  0x800'648b    0x7a  Code  Lc  xprintffull.o [2]
MSIRangeTable            0x800'e8f4    0x30  Data  Gb  system_stm32l4xx.o [1]
MX_ADC1_Init             0x800'9e4d    0xa2  Code  Gb  adc.o [1]
MX_DAC1_Init             0x800'9f81    0x58  Code  Gb  dac.o [1]
MX_DMA_Init              0x800'9e0d    0x40  Code  Gb  dma.o [1]
MX_FATFS_Init            0x800'1b2d    0x10  Code  Gb  fatfs.o [1]
MX_GPIO_Init             0x800'9bcd   0x228  Code  Gb  gpio.o [1]
MX_IWDG_Init             0x800'a03d    0x26  Code  Gb  iwdg.o [1]
MX_LPUART1_UART_Init     0x800'a07d    0x3c  Code  Gb  usart.o [1]
MX_NVIC_Init             0x800'7921    0x66  Code  Lc  main.o [1]
MX_RTC_Init              0x800'a3f9    0x9a  Code  Gb  rtc.o [1]
MX_SDMMC1_SD_Init        0x800'a4b9    0x18  Code  Gb  sdmmc.o [1]
MX_SPI1_Init             0x800'4e4d    0x4c  Code  Gb  spi.o [1]
MX_TIM1_Init             0x800'4f51    0xf2  Code  Gb  tim.o [1]
MX_TIM2_Init             0x800'5043    0x72  Code  Gb  tim.o [1]
MX_UART4_Init            0x800'a0b9    0x3e  Code  Gb  usart.o [1]
MX_USART1_UART_Init      0x800'a0f7    0x3e  Code  Gb  usart.o [1]
MX_USART2_UART_Init      0x800'a135    0x3e  Code  Gb  usart.o [1]
MX_USART3_UART_Init      0x800'a173    0x3a  Code  Gb  usart.o [1]
MemManage_Handler        0x800'e929     0x2  Code  Gb  stm32l4xx_it.o [1]
NMI_Handler              0x800'e925     0x2  Code  Gb  stm32l4xx_it.o [1]
NVIC_EncodePriority      0x800'9afb    0x36  Code  Lc  stm32l4xx_hal_cortex.o [1]
No_Flow_Timer           0x2000'0e58     0x4  Data  Gb  irrigation.o [1]
PendSV_Handler           0x800'e933     0x2  Code  Gb  stm32l4xx_it.o [1]
RCCEx_GetSAIxPeriphCLKFreq
                         0x800'bcd1    0xe4  Code  Lc  stm32l4xx_hal_rcc_ex.o [1]
RCCEx_PLLSAI1_Config     0x800'ba91   0x128  Code  Lc  stm32l4xx_hal_rcc_ex.o [1]
RCCEx_PLLSAI2_Config     0x800'bbb9   0x10c  Code  Lc  stm32l4xx_hal_rcc_ex.o [1]
RCC_SetFlashLatencyFromMSIRange
                         0x800'b0d5    0x7a  Code  Lc  stm32l4xx_hal_rcc.o [1]
RTC_Bcd2ToByte           0x800'98f1    0x14  Code  Gb  stm32l4xx_hal_rtc.o [1]
RTC_ByteToBcd2           0x800'98d9    0x18  Code  Gb  stm32l4xx_hal_rtc.o [1]
RTC_EnterInitMode        0x800'9833    0x44  Code  Gb  stm32l4xx_hal_rtc.o [1]
RTC_ExitInitMode         0x800'9877    0x50  Code  Gb  stm32l4xx_hal_rtc.o [1]
RTC_WKUP_IRQHandler      0x800'e939     0x6  Code  Gb  stm32l4xx_it.o [1]
Region$$Table$$Base      0x800'ea5c           --   Gb  - Linker created -
Region$$Table$$Limit     0x800'ea7c           --   Gb  - Linker created -
SDFile                  0x2000'04c8   0x230  Data  Gb  fatfs.o [1]
SDMMC1_IRQHandler        0x800'e951     0x6  Code  Gb  stm32l4xx_it.o [1]
SDMMC_CmdAppCommand      0x800'df71    0x32  Code  Gb  stm32l4xx_ll_sdmmc.o [1]
SDMMC_CmdAppOperCommand
                         0x800'dfa3    0x32  Code  Gb  stm32l4xx_ll_sdmmc.o [1]
SDMMC_CmdBlockLength     0x800'ddb9    0x32  Code  Gb  stm32l4xx_ll_sdmmc.o [1]
SDMMC_CmdBusWidth        0x800'dfd5    0x32  Code  Gb  stm32l4xx_ll_sdmmc.o [1]
SDMMC_CmdGoIdleState     0x800'df19    0x28  Code  Gb  stm32l4xx_ll_sdmmc.o [1]
SDMMC_CmdOperCond        0x800'df41    0x30  Code  Gb  stm32l4xx_ll_sdmmc.o [1]
SDMMC_CmdReadMultiBlock
                         0x800'de1d    0x32  Code  Gb  stm32l4xx_ll_sdmmc.o [1]
SDMMC_CmdReadSingleBlock
                         0x800'ddeb    0x32  Code  Gb  stm32l4xx_ll_sdmmc.o [1]
SDMMC_CmdSelDesel        0x800'dee7    0x32  Code  Gb  stm32l4xx_ll_sdmmc.o [1]
SDMMC_CmdSendCID         0x800'e03b    0x2e  Code  Gb  stm32l4xx_ll_sdmmc.o [1]
SDMMC_CmdSendCSD         0x800'e069    0x2c  Code  Gb  stm32l4xx_ll_sdmmc.o [1]
SDMMC_CmdSendSCR         0x800'e007    0x34  Code  Gb  stm32l4xx_ll_sdmmc.o [1]
SDMMC_CmdSendStatus      0x800'e0c9    0x32  Code  Gb  stm32l4xx_ll_sdmmc.o [1]
SDMMC_CmdSetRelAdd       0x800'e095    0x34  Code  Gb  stm32l4xx_ll_sdmmc.o [1]
SDMMC_CmdStopTransfer    0x800'deb3    0x34  Code  Gb  stm32l4xx_ll_sdmmc.o [1]
SDMMC_CmdWriteMultiBlock
                         0x800'de81    0x32  Code  Gb  stm32l4xx_ll_sdmmc.o [1]
SDMMC_CmdWriteSingleBlock
                         0x800'de4f    0x32  Code  Gb  stm32l4xx_ll_sdmmc.o [1]
SDMMC_ConfigData         0x800'dd95    0x24  Code  Gb  stm32l4xx_ll_sdmmc.o [1]
SDMMC_GetCmdError        0x800'e399    0x30  Code  Lc  stm32l4xx_ll_sdmmc.o [1]
SDMMC_GetCmdResp1        0x800'e0fb   0x120  Code  Gb  stm32l4xx_ll_sdmmc.o [1]
SDMMC_GetCmdResp2        0x800'e21b    0x52  Code  Gb  stm32l4xx_ll_sdmmc.o [1]
SDMMC_GetCmdResp3        0x800'e26d    0x44  Code  Gb  stm32l4xx_ll_sdmmc.o [1]
SDMMC_GetCmdResp6        0x800'e2b1    0x90  Code  Gb  stm32l4xx_ll_sdmmc.o [1]
SDMMC_GetCmdResp7        0x800'e341    0x58  Code  Gb  stm32l4xx_ll_sdmmc.o [1]
SDMMC_GetCommandResponse
                         0x800'dd87     0x6  Code  Gb  stm32l4xx_ll_sdmmc.o [1]
SDMMC_GetPowerState      0x800'dd5b     0x8  Code  Gb  stm32l4xx_ll_sdmmc.o [1]
SDMMC_GetResponse        0x800'dd8d     0x8  Code  Gb  stm32l4xx_ll_sdmmc.o [1]
SDMMC_Init               0x800'dd11    0x2a  Code  Gb  stm32l4xx_ll_sdmmc.o [1]
SDMMC_PowerState_ON      0x800'dd4b    0x10  Code  Gb  stm32l4xx_ll_sdmmc.o [1]
SDMMC_ReadFIFO           0x800'dd3b     0x6  Code  Gb  stm32l4xx_ll_sdmmc.o [1]
SDMMC_SendCommand        0x800'dd63    0x24  Code  Gb  stm32l4xx_ll_sdmmc.o [1]
SDMMC_WriteFIFO          0x800'dd41     0xa  Code  Gb  stm32l4xx_ll_sdmmc.o [1]
SDPath                  0x2000'0e7c     0x4  Data  Gb  fatfs.o [1]
SD_CheckStatus           0x800'e6ed    0x1c  Code  Lc  sd_diskio.o [1]
SD_DMARxAbort            0x800'd8cd    0x4a  Code  Lc  stm32l4xx_hal_sd.o [1]
SD_DMATxAbort            0x800'd881    0x4a  Code  Lc  stm32l4xx_hal_sd.o [1]
SD_Driver                0x800'eab0    0x14  Data  Gb  sd_diskio.o [1]
SD_FindSCR               0x800'db8f   0x100  Code  Lc  stm32l4xx_hal_sd.o [1]
SD_InitCard              0x800'd917    0xf0  Code  Lc  stm32l4xx_hal_sd.o [1]
SD_PowerON               0x800'da07    0xa8  Code  Lc  stm32l4xx_hal_sd.o [1]
SD_Read_IT               0x800'dc8f    0x38  Code  Lc  stm32l4xx_hal_sd.o [1]
SD_SendStatus            0x800'dabd    0x2a  Code  Lc  stm32l4xx_hal_sd.o [1]
SD_WideBus_Disable       0x800'db3b    0x54  Code  Lc  stm32l4xx_hal_sd.o [1]
SD_WideBus_Enable        0x800'dae7    0x54  Code  Lc  stm32l4xx_hal_sd.o [1]
SD_Write_IT              0x800'dcc7    0x4a  Code  Lc  stm32l4xx_hal_sd.o [1]
SD_initialize            0x800'e709    0x1e  Code  Gb  sd_diskio.o [1]
SD_ioctl                 0x800'e771    0x54  Code  Gb  sd_diskio.o [1]
SD_read                  0x800'e729    0x24  Code  Gb  sd_diskio.o [1]
SD_status                0x800'e727     0x2  Code  Gb  sd_diskio.o [1]
SD_write                 0x800'e74d    0x24  Code  Gb  sd_diskio.o [1]
SPI_EndRxTxTransaction   0x800'5fc1    0x68  Code  Lc  stm32l4xx_hal_spi.o [1]
SPI_WaitFifoStateUntilTimeout
                         0x800'5ef5    0xc4  Code  Lc  stm32l4xx_hal_spi.o [1]
SPI_WaitFlagStateUntilTimeout
                         0x800'5e33    0xc2  Code  Lc  stm32l4xx_hal_spi.o [1]
SVC_Handler              0x800'e92f     0x2  Code  Gb  stm32l4xx_it.o [1]
Stat                    0x2000'00c4     0x1  Data  Lc  sd_diskio.o [1]
SysTick_Config           0x800'9b31    0x28  Code  Lc  stm32l4xx_hal_cortex.o [1]
SysTick_Handler          0x800'e935     0x4  Code  Gb  stm32l4xx_it.o [1]
SystemClock_Config       0x800'77f9   0x104  Code  Gb  main.o [1]
SystemCoreClock         0x2000'0040     0x4  Data  Gb  system_stm32l4xx.o [1]
SystemInit               0x800'e899    0x3c  Code  Gb  system_stm32l4xx.o [1]
TIM_Base_SetConfig       0x800'56c1    0xc6  Code  Gb  stm32l4xx_hal_tim.o [1]
TIM_CCxChannelCmd        0x800'5abd    0x1e  Code  Gb  stm32l4xx_hal_tim.o [1]
TIM_ETR_SetConfig        0x800'5aa7    0x16  Code  Gb  stm32l4xx_hal_tim.o [1]
TIM_ITRx_SetConfig       0x800'5a97    0x10  Code  Lc  stm32l4xx_hal_tim.o [1]
TIM_OC1_SetConfig        0x800'5787    0x94  Code  Lc  stm32l4xx_hal_tim.o [1]
TIM_OC2_SetConfig        0x800'581b    0x78  Code  Gb  stm32l4xx_hal_tim.o [1]
TIM_OC3_SetConfig        0x800'5893    0x74  Code  Lc  stm32l4xx_hal_tim.o [1]
TIM_OC4_SetConfig        0x800'5907    0x5a  Code  Lc  stm32l4xx_hal_tim.o [1]
TIM_OC5_SetConfig        0x800'5963    0x58  Code  Lc  stm32l4xx_hal_tim.o [1]
TIM_OC6_SetConfig        0x800'59bb    0x5a  Code  Lc  stm32l4xx_hal_tim.o [1]
TIM_TI1_ConfigInputStage
                         0x800'5a4d    0x24  Code  Lc  stm32l4xx_hal_tim.o [1]
TIM_TI2_ConfigInputStage
                         0x800'5a71    0x26  Code  Lc  stm32l4xx_hal_tim.o [1]
Timer_Buttons           0x2000'0e6c     0x4  Data  Gb  button.o [1]
Timer_LCD_Blink         0x2000'0df4     0x4  Data  Gb  lcd.o [1]
Timer_LCD_Scroll        0x2000'0df8     0x4  Data  Gb  lcd.o [1]
UART4_IRQHandler         0x800'e957     0x6  Code  Gb  stm32l4xx_it.o [1]
UART_AdvFeatureConfig    0x800'c7ad    0xc8  Code  Gb  stm32l4xx_hal_uart.o [1]
UART_CheckIdleState      0x800'c875    0x62  Code  Gb  stm32l4xx_hal_uart.o [1]
UART_DMAAbortOnError     0x800'c999    0x10  Code  Lc  stm32l4xx_hal_uart.o [1]
UART_EndRxTransfer       0x800'c979    0x1e  Code  Lc  stm32l4xx_hal_uart.o [1]
UART_EndTransmit_IT      0x800'c9a9    0x16  Code  Lc  stm32l4xx_hal_uart.o [1]
UART_SetConfig           0x800'c529   0x258  Code  Gb  stm32l4xx_hal_uart.o [1]
UART_WaitOnFlagUntilTimeout
                         0x800'c8d7    0xa2  Code  Gb  stm32l4xx_hal_uart.o [1]
USART1_IRQHandler        0x800'e93f     0x6  Code  Gb  stm32l4xx_it.o [1]
USART2_IRQHandler        0x800'e945     0x6  Code  Gb  stm32l4xx_it.o [1]
USART3_IRQHandler        0x800'e94b     0x6  Code  Gb  stm32l4xx_it.o [1]
Ui_Sleep                0x2000'0e94     0x4  Data  Gb  ui.o [1]
Ui_State                0x2000'0e91     0x1  Data  Gb  ui.o [1]
Ui_Timer                0x2000'0e92     0x1  Data  Gb  ui.o [1]
Ui_User_Login           0x2000'0d88     0x1  Data  Gb  ui.o [1]
UsageFault_Handler       0x800'e92d     0x2  Code  Gb  stm32l4xx_it.o [1]
User_Logged_In          0x2000'0e90     0x1  Data  Gb  ui.o [1]
Weather_State           0x2000'0e20     0x1  Data  Gb  weather.o [1]
Weather_Timer           0x2000'0e30     0x4  Data  Gb  weather.o [1]
_Encoding_8859_1_Mbrlen
                         0x800'7255     0x2  Code  Gb  xencoding_8859_1.o [2]
_Encoding_8859_1_Wctomb
                         0x800'7243    0x12  Code  Gb  xencoding_8859_1.o [2]
_GenldFull               0x800'6f1d   0x274  Code  Lc  xprintffull.o [2]
_LdtobFull               0x800'6af1   0x400  Code  Lc  xprintffull.o [2]
_LitobFull               0x800'6999   0x112  Code  Lc  xprintffull.o [2]
_Locale_lconv           0x2000'0044    0x38  Data  Lc  xlocale_c.o [2]
_PrintfFull              0x800'62c9   0x1aa  Code  Gb  xprintffull.o [2]
_PutcharsFull            0x800'7191    0x2e  Code  Lc  xprintffull.o [2]
_PutfldFull              0x800'6505   0x2d8  Code  Lc  xprintffull.o [2]
_PutstrFull              0x800'68d3    0xc6  Code  Lc  xprintffull.o [2]
_PuttxtFull              0x800'67dd    0xf6  Code  Lc  xprintffull.o [2]
_SProut                  0x800'79b7     0xa  Code  Gb  xsprout.o [2]
__NVIC_DisableIRQ        0x800'9ac3    0x1e  Code  Lc  stm32l4xx_hal_cortex.o [1]
__NVIC_EnableIRQ         0x800'9aad    0x16  Code  Lc  stm32l4xx_hal_cortex.o [1]
__NVIC_GetPriorityGrouping
                         0x800'9aa3     0xa  Code  Lc  stm32l4xx_hal_cortex.o [1]
__NVIC_SetPriority       0x800'9ae1    0x1a  Code  Lc  stm32l4xx_hal_cortex.o [1]
__NVIC_SetPriorityGrouping
                         0x800'9a89    0x1a  Code  Lc  stm32l4xx_hal_cortex.o [1]
__aeabi_cdcmple          0x800'83d9          Code  Gb  DblCmpLe.o [3]
__aeabi_cdrcmple         0x800'8409          Code  Gb  DblCmpGe.o [3]
__aeabi_d2f              0x800'94e5          Code  Gb  DblToFlt.o [3]
__aeabi_d2iz             0x800'8575          Code  Gb  DblToS32.o [3]
__aeabi_d2uiz            0x800'8901          Code  Gb  DblToU32.o [3]
__aeabi_ddiv             0x800'86b9          Code  Gb  DblDiv.o [3]
__aeabi_dmul             0x800'81c5          Code  Gb  DblMul.o [3]
__aeabi_dsub             0x800'85d5          Code  Gb  DblSub.o [3]
__aeabi_f2d              0x800'40b1          Code  Gb  FltToDbl.o [3]
__aeabi_i2d              0x800'85b1          Code  Gb  S32ToDbl.o [3]
__aeabi_ldiv0            0x800'be8d          Code  Gb  I64DivZer.o [4]
__aeabi_memclr4          0x800'79b1          Code  Gb  ABImemclr4.o [4]
__aeabi_memcpy           0x800'4731          Code  Gb  ABImemcpy.o [4]
__aeabi_memcpy4          0x800'4751          Code  Gb  ABImemcpy.o [4]
__aeabi_memcpy8          0x800'4751          Code  Gb  ABImemcpy.o [4]
__aeabi_ui2d             0x800'8929          Code  Gb  U32ToDbl.o [3]
__aeabi_uldivmod         0x800'7f95          Code  Gb  I64DivMod.o [4]
__cmain                  0x800'ea7d          Code  Gb  cmain.o [4]
__exit                   0x800'cde1    0x14  Code  Gb  exit.o [5]
__iar_Fail_s             0x800'7eb9    0x1c  Code  Gb  xfail_s.o [2]
__iar_Mbcurmax           0x800'7f89     0xa  Code  Gb  xmbcurmax.o [2]
__iar_Memchr             0x800'7f31          Code  Gb  memchr.o [4]
__iar_Memset4_word       0x800'be55          Code  Gb  ABImemset48.o [4]
__iar_Memset8_word       0x800'be55          Code  Gb  ABImemset48.o [4]
__iar_Strchr             0x800'7ea1          Code  Gb  strchr.o [4]
__iar_dadd               0x800'85e5          Code  Gb  DblSub.o [3]
__iar_data_init3         0x800'ea11    0x28  Code  Gb  data_init.o [4]
__iar_dsub               0x800'be91          Code  Gb  DblAdd.o [3]
__iar_dsubStart          0x800'bea3          Code  Gb  DblAdd.o [3]
__iar_frexp              0x800'8375          Code  Gb  frexp.o [3]
__iar_frexpl             0x800'8375          Code  Gb  frexp.o [3]
__iar_globLocale        0x2000'007c    0x48  Data  Lc  xlocale_c.o [2]
__iar_global_Locale      0x800'7e29     0x4  Code  Gb  xlocale_c.o [2]
__iar_init_vfp           0x800'ea39          Code  Gb  fpinit_M.o [3]
__iar_ldexp64            0x800'8439          Code  Gb  ldexp.o [3]
__iar_lz77_init_single3
                         0x800'47d7    0x7a  Code  Gb  lz77_init_single.o [4]
__iar_program_start      0x800'ead5          Code  Gb  cstartup_M.o [4]
__iar_scalbln64          0x800'8439          Code  Gb  ldexp.o [3]
__iar_scalbn64           0x800'8439          Code  Gb  ldexp.o [3]
__iar_softfp___iar_frexp64
                         0x800'8369          Code  Gb  frexp.o [3]
__iar_softfp_frexp       0x800'8369          Code  Gb  frexp.o [3]
__iar_softfp_frexpl      0x800'8369          Code  Gb  frexp.o [3]
__iar_zero_init3         0x800'5adb    0x3a  Code  Gb  zero_init3.o [4]
__low_level_init         0x800'ea9b     0x4  Code  Gb  low_level_init.o [2]
__vector_table           0x800'0000          Data  Gb  startup_stm32l476xx.o [1]
_call_main               0x800'ea89          Code  Gb  cmain.o [4]
_exit                    0x800'eaa5          Code  Gb  cexit.o [4]
_gLocale_mblen           0x800'7e8d     0x4  Code  Gb  xlocale_c.o [2]
_gLocale_mblenInt        0x800'7e51    0x2c  Code  Gb  xlocale_c.o [2]
_gLocale_wctomb          0x800'7e91     0x4  Code  Gb  xlocale_c.o [2]
_gLocale_wctombInt       0x800'7e89     0x4  Code  Gb  xlocale_c.o [2]
_get_page                0x800'6277    0x42  Code  Lc  api_flash.o [1]
_main                    0x800'ea97          Code  Gb  cmain.o [4]
_rtc_dow                 0x800'7641    0x48  Code  Gb  api_rtc.o [1]
_rtc_dow::_dow_table     0x800'7688     0xc  Data  Lc  api_rtc.o [1]
abort                    0x800'be87     0x6  Code  Gb  abort.o [2]
adc_done                 0x800'726b    0x12  Code  Gb  adc_sample.o [1]
adc_new_sample           0x800'7261     0xa  Code  Gb  adc_sample.o [1]
adc_select_channel       0x800'7417    0x2c  Code  Gb  adc_sample.o [1]
adc_task                 0x800'727d   0x19a  Code  Gb  adc_sample.o [1]
adc_task::sol_temp      0x2000'0010     0x4  Data  Lc  adc_sample.o [1]
add_days                 0x800'46b9    0x50  Code  Gb  datetime.o [1]
bin_16_a_bcd_5           0x800'4851    0xa2  Code  Gb  utils.o [1]
bin_to_bcd               0x800'49f3    0x36  Code  Gb  utils.o [1]
binary_to_ascii          0x800'48f3   0x100  Code  Gb  utils.o [1]
blink_ptr               0x2000'0dfc     0x4  Data  Gb  lcd.o [1]
blink_size              0x2000'0dee     0x1  Data  Gb  lcd.o [1]
blink_x                 0x2000'0dec     0x1  Data  Gb  lcd.o [1]
blink_y                 0x2000'0ded     0x1  Data  Gb  lcd.o [1]
buttons_current         0x2000'0e68     0x1  Data  Gb  button.o [1]
buttons_past            0x2000'0e69     0x1  Data  Gb  button.o [1]
buttons_task             0x800'4a89    0x1c  Code  Gb  button.o [1]
buttons_task::button_tickstart
                        0x2000'0e98     0x4  Data  Lc  button.o [1]
check_fs                 0x800'0c9b    0x70  Code  Lc  ff.o [1]
chk_chr                  0x800'01f7    0x12  Code  Lc  ff.o [1]
chk_lock                 0x800'0209    0x6a  Code  Lc  ff.o [1]
clear_buttons            0x800'4a29    0x4c  Code  Gb  button.o [1]
clear_lock               0x800'035b    0x20  Code  Lc  ff.o [1]
clmt_clust               0x800'0799    0x28  Code  Lc  ff.o [1]
clock_to_ascii           0x800'4639    0x34  Code  Gb  datetime.o [1]
clock_to_ascii::sep      0x800'4728     0x8  Data  Lc  datetime.o [1]
close_water_tap          0x800'4179     0x2  Code  Gb  irrigation.o [1]
clust2sect               0x800'048b    0x1a  Code  Lc  ff.o [1]
config_flash             0x807'f800   0x180  Data  Gb  config_flash.o [1]
config_max               0x800'e570   0x17c  Data  Gb  config_flash.o [1]
config_min               0x800'e3f4   0x17c  Data  Gb  config_flash.o [1]
coord_x                 0x2000'0ea4     0x1  Data  Gb  lcd.o [1]
coord_y                 0x2000'0ea5     0x1  Data  Gb  lcd.o [1]
create_chain             0x800'06df    0xba  Code  Lc  ff.o [1]
create_name              0x800'0a89    0xbc  Code  Lc  ff.o [1]
date_range_max           0x800'4720     0x8  Data  Gb  datetime.o [1]
date_range_min           0x800'4718     0x8  Data  Gb  datetime.o [1]
days_per_month           0x800'4708    0x10  Data  Gb  datetime.o [1]
dec_flash                0x800'3f0f    0x24  Code  Gb  config_flash.o [1]
dec_lock                 0x800'0323    0x38  Code  Lc  ff.o [1]
delay                    0x800'cd79    0x14  Code  Gb  api_dht11.o [1]
di                      0x2000'0e5c     0x8  Data  Gb  di.o [1]
di_task                  0x800'a7d5   0x166  Code  Gb  di.o [1]
di_task::di_tickstart   0x2000'0e66     0x1  Data  Lc  di.o [1]
dir_alloc                0x800'0957    0x4e  Code  Lc  ff.o [1]
dir_find                 0x800'09f7    0x56  Code  Lc  ff.o [1]
dir_next                 0x800'085f    0xf8  Code  Lc  ff.o [1]
dir_register             0x800'0a4d    0x3a  Code  Lc  ff.o [1]
dir_sdi                  0x800'07c1    0x9e  Code  Lc  ff.o [1]
disk                    0x2000'0e44     0xc  Data  Gb  ff_gen_drv.o [1]
disk_initialize          0x800'1ac3    0x20  Code  Gb  diskio.o [1]
disk_ioctl               0x800'1b0f    0x18  Code  Gb  diskio.o [1]
disk_read                0x800'1ae3    0x16  Code  Gb  diskio.o [1]
disk_status              0x800'1ab1    0x12  Code  Gb  diskio.o [1]
disk_write               0x800'1af9    0x16  Code  Gb  diskio.o [1]
ec                      0x2000'0008     0x4  Data  Gb  adc_sample.o [1]
enq_lock                 0x800'0273    0x22  Code  Lc  ff.o [1]
exit                     0x800'ea9f     0x4  Code  Gb  exit.o [2]
f_close                  0x800'149b    0x28  Code  Gb  ff.o [1]
f_mkfs                   0x800'14c3   0x57a  Code  Gb  ff.o [1]
f_mkfs::cst              0x800'1a90    0x10  Data  Lc  ff.o [1]
f_mkfs::cst32            0x800'1aa0    0x10  Data  Lc  ff.o [1]
f_mount                  0x800'0fdd    0x5a  Code  Gb  ff.o [1]
f_open                   0x800'104d   0x210  Code  Gb  ff.o [1]
f_sync                   0x800'1409    0x92  Code  Gb  ff.o [1]
f_write                  0x800'125d   0x1ac  Code  Gb  ff.o [1]
filter_chars_dec         0x800'2e65    0x2c  Code  Gb  ui.o [1]
filter_chars_inc         0x800'2e39    0x2c  Code  Gb  ui.o [1]
final_day                0x800'4139    0x3e  Code  Gb  irrigation.o [1]
find_volume              0x800'0d19   0x288  Code  Lc  ff.o [1]
finish_sampling          0x800'7457    0x2a  Code  Gb  adc_sample.o [1]
flash_copy              0x2000'06f8   0x17c  Data  Gb  config_flash.o [1]
flash_erase              0x800'60ed   0x164  Code  Gb  api_flash.o [1]
flash_read               0x800'6251     0x4  Code  Gb  api_flash.o [1]
flash_verify             0x800'6255    0x22  Code  Gb  api_flash.o [1]
flash_write              0x800'6029    0xc4  Code  Gb  api_flash.o [1]
follow_path              0x800'0bd5    0x7e  Code  Lc  ff.o [1]
get_fat                  0x800'04a5    0xca  Code  Lc  ff.o [1]
get_fattime              0x800'1b45     0x4  Code  Gb  fatfs.o [1]
get_flash                0x800'3f33    0x56  Code  Gb  config_flash.o [1]
get_ldnumber             0x800'0c53    0x48  Code  Lc  ff.o [1]
get_max_day              0x800'466d    0x1a  Code  Gb  datetime.o [1]
hadc1                   0x2000'0c08    0x64  Data  Gb  adc.o [1]
hdac1                   0x2000'0e0c    0x14  Data  Gb  dac.o [1]
hdma_sdmmc1_rx          0x2000'0874    0x48  Data  Gb  sdmmc.o [1]
hdma_sdmmc1_tx          0x2000'08bc    0x48  Data  Gb  sdmmc.o [1]
hiwdg                   0x2000'0e34    0x10  Data  Gb  iwdg.o [1]
hlpuart1                0x2000'0988    0x80  Data  Gb  usart.o [1]
hrtc                    0x2000'0da8    0x24  Data  Gb  rtc.o [1]
hsd1                    0x2000'0904    0x84  Data  Gb  sdmmc.o [1]
hspi1                   0x2000'0c6c    0x64  Data  Gb  spi.o [1]
htim1                   0x2000'0cd0    0x4c  Data  Gb  tim.o [1]
htim2                   0x2000'0d1c    0x4c  Data  Gb  tim.o [1]
huart1                  0x2000'0a88    0x80  Data  Gb  usart.o [1]
huart2                  0x2000'0b08    0x80  Data  Gb  usart.o [1]
huart3                  0x2000'0b88    0x80  Data  Gb  usart.o [1]
huart4                  0x2000'0a08    0x80  Data  Gb  usart.o [1]
humidity                0x2000'0e23     0x1  Data  Gb  weather.o [1]
inc_buttons_fast         0x800'4a75    0x14  Code  Gb  button.o [1]
inc_flash                0x800'3eeb    0x24  Code  Gb  config_flash.o [1]
inc_lock                 0x800'0295    0x8e  Code  Lc  ff.o [1]
irrigation_1s_tick       0x800'422f    0x18  Code  Gb  irrigation.o [1]
irrigation_status        0x800'41bd    0x72  Code  Gb  irrigation.o [1]
irrigation_task          0x800'4249   0x322  Code  Gb  irrigation.o [1]
irrigation_task::aux_substance
                        0x2000'0e52     0x1  Data  Lc  irrigation.o [1]
iwdg_refresh             0x800'a063    0x10  Code  Gb  iwdg.o [1]
ld_clust                 0x800'09a5    0x26  Code  Lc  ff.o [1]
ld_dword                 0x800'0193    0x16  Code  Lc  ff.o [1]
ld_word                  0x800'0189     0xa  Code  Lc  ff.o [1]
ldexp                    0x800'8439          Code  Gb  ldexp.o [3]
ldexpl                   0x800'8439          Code  Gb  ldexp.o [3]
localeconv               0x800'7e95     0x4  Code  Gb  xlocale_c.o [2]
main                     0x800'76a1   0x158  Code  Gb  main.o [1]
master_pass              0x800'2e2c     0x8  Data  Gb  ui.o [1]
mem_cmp                  0x800'01dd    0x1a  Code  Lc  ff.o [1]
mem_cpy                  0x800'01c1    0x12  Code  Lc  ff.o [1]
mem_set                  0x800'01d3     0xa  Code  Lc  ff.o [1]
memchr                   0x800'7f31          Code  Gb  memchr.o [4]
mixer                    0x800'419b    0x20  Code  Gb  irrigation.o [1]
move_window              0x800'03cd    0x36  Code  Lc  ff.o [1]
open_water_tap           0x800'4177     0x2  Code  Gb  irrigation.o [1]
operate_tank             0x800'417b    0x20  Code  Gb  irrigation.o [1]
pFlash                  0x2000'0020    0x20  Data  Gb  stm32l4xx_hal_flash.o [1]
ph                      0x2000'0004     0x4  Data  Gb  adc_sample.o [1]
process_buttons          0x800'4aa5    0x70  Code  Gb  button.o [1]
put_fat                  0x800'056f    0xfc  Code  Lc  ff.o [1]
rail                     0x800'41bb     0x2  Code  Gb  irrigation.o [1]
read_flash               0x800'3ebd     0x8  Code  Gb  config_flash.o [1]
refresh_global_datetime
                         0x800'4603    0x30  Code  Gb  datetime.o [1]
remove_chain             0x800'066b    0x74  Code  Lc  ff.o [1]
retSD                   0x2000'0e78     0x1  Data  Gb  fatfs.o [1]
rtc_disable_wakeup       0x800'7623    0x1a  Code  Gb  api_rtc.o [1]
rtc_enable_wakeup        0x800'75f9    0x2a  Code  Gb  api_rtc.o [1]
rtc_get_time             0x800'753d    0x4a  Code  Gb  api_rtc.o [1]
rtc_set_time             0x800'7587    0x72  Code  Gb  api_rtc.o [1]
sample_math              0x800'7481    0x92  Code  Gb  adc_sample.o [1]
scalbln                  0x800'8439          Code  Gb  ldexp.o [3]
scalblnl                 0x800'8439          Code  Gb  ldexp.o [3]
scalbn                   0x800'8439          Code  Gb  ldexp.o [3]
scalbnl                  0x800'8439          Code  Gb  ldexp.o [3]
scale                    0x800'6aab    0x46  Code  Lc  xprintffull.o [2]
scroll_index            0x2000'0e00     0x4  Data  Gb  lcd.o [1]
scroll_ptr              0x2000'0e08     0x4  Data  Gb  lcd.o [1]
scroll_start            0x2000'0e04     0x4  Data  Gb  lcd.o [1]
scroll_y                0x2000'0def     0x1  Data  Gb  lcd.o [1]
sec_hand                0x2000'0ea0     0x4  Data  Lc  xfail_s.o [2]
set_datetime             0x800'45c9    0x3a  Code  Gb  datetime.o [1]
set_pin_input            0x800'cdbb    0x26  Code  Gb  api_dht11.o [1]
set_pin_output           0x800'cd95    0x26  Code  Gb  api_dht11.o [1]
sprintf                  0x800'40f9    0x40  Code  Gb  sprintf.o [2]
st7565_command           0x800'35a3    0x1c  Code  Gb  lcd.o [1]
st7565_data              0x800'35bf    0x24  Code  Gb  lcd.o [1]
st_clust                 0x800'09cb    0x2c  Code  Lc  ff.o [1]
st_dword                 0x800'01b1    0x10  Code  Lc  ff.o [1]
st_word                  0x800'01a9     0x8  Code  Lc  ff.o [1]
start_sampling           0x800'7443    0x14  Code  Gb  adc_sample.o [1]
strchr                   0x800'7ea1          Code  Gb  strchr.o [4]
strlen                   0x800'7ef9          Code  Gb  strlen.o [4]
sync_fs                  0x800'0403    0x88  Code  Lc  ff.o [1]
sync_window              0x800'037b    0x52  Code  Lc  ff.o [1]
temperature             0x2000'0e22     0x1  Data  Gb  weather.o [1]
ui_1s_tick               0x800'1bb7     0xe  Code  Gb  ui.o [1]
ui_init                  0x800'1b8d    0x16  Code  Gb  ui.o [1]
ui_task                  0x800'1bc9  0x1204  Code  Gb  ui.o [1]
ui_task::Ui_Clock_Buffer
                        0x2000'0d80     0x8  Data  Lc  ui.o [1]
ui_task::Ui_Config_Ini  0x2000'0d8c     0x1  Data  Lc  ui.o [1]
ui_task::Ui_Config_Max  0x2000'0d8d     0x1  Data  Lc  ui.o [1]
ui_task::Ui_Config_Var  0x2000'0d8b     0x1  Data  Lc  ui.o [1]
ui_task::Ui_Disp_Buffer
                        0x2000'0d68    0x18  Data  Lc  ui.o [1]
ui_task::Ui_Disp_Version
                        0x2000'0d90    0x18  Data  Lc  ui.o [1]
ui_task::Ui_Index       0x2000'0d89     0x1  Data  Lc  ui.o [1]
ui_task::Ui_Menu_Index  0x2000'0d8a     0x1  Data  Lc  ui.o [1]
ui_task::id_offset      0x2000'0d8e     0x1  Data  Lc  ui.o [1]
ui_wake                  0x800'1ba3    0x14  Code  Gb  ui.o [1]
update_flash             0x800'3feb    0xa8  Code  Gb  config_flash.o [1]
update_flash_safe        0x800'3f89    0x62  Code  Gb  config_flash.o [1]
user_pass_id_0           0x800'2e34     0x4  Data  Gb  ui.o [1]
uwTick                  0x2000'0018     0x4  Data  Gb  stm32l4xx_hal.o [1]
uwTickFreq              0x2000'0014     0x1  Data  Gb  stm32l4xx_hal.o [1]
uwTickPrio              0x2000'001c     0x4  Data  Gb  stm32l4xx_hal.o [1]
validate                 0x800'0fa1    0x3c  Code  Lc  ff.o [1]
validate_clock           0x800'4689    0x30  Code  Gb  datetime.o [1]
vdd                     0x2000'000c     0x4  Data  Gb  adc_sample.o [1]
weather_1s_tick          0x800'a629     0xe  Code  Gb  weather.o [1]
weather_task             0x800'a639   0x196  Code  Gb  weather.o [1]
weather_task::rh        0x2000'0e2c     0x4  Data  Lc  weather.o [1]
weather_task::sample    0x2000'0e24     0x1  Data  Lc  weather.o [1]
weather_task::temp      0x2000'0e28     0x4  Data  Lc  weather.o [1]
write_flash              0x800'3ec5    0x26  Code  Gb  config_flash.o [1]


[1] = C:\Users\Nahuel\Desktop\Lucia\Hidroponia\Software\Hidro_v1.2\EWARM\HIDRO_v1.1\Obj
[2] = dl7M_tlf.a
[3] = m7M_tls.a
[4] = rt7M_tl.a
[5] = shb_l.a

  59 492 bytes of readonly  code memory
   1 009 bytes of readonly  data memory (+ 384 absolute)
   5 795 bytes of readwrite data memory

Errors: none
Warnings: none
